Archive member included to satisfy reference by file (symbol)

app/libapp.a(main.c.obj)      (--whole-archive)
zephyr/libzephyr.a(cbprintf_packaged.c.obj)
                              (--whole-archive)
zephyr/libzephyr.a(crc32c_sw.c.obj)
                              (--whole-archive)
zephyr/libzephyr.a(crc32_sw.c.obj)
                              (--whole-archive)
zephyr/libzephyr.a(crc16_sw.c.obj)
                              (--whole-archive)
zephyr/libzephyr.a(crc8_sw.c.obj)
                              (--whole-archive)
zephyr/libzephyr.a(crc7_sw.c.obj)
                              (--whole-archive)
zephyr/libzephyr.a(dec.c.obj)
                              (--whole-archive)
zephyr/libzephyr.a(fdtable.c.obj)
                              (--whole-archive)
zephyr/libzephyr.a(hex.c.obj)
                              (--whole-archive)
zephyr/libzephyr.a(notify.c.obj)
                              (--whole-archive)
zephyr/libzephyr.a(printk.c.obj)
                              (--whole-archive)
zephyr/libzephyr.a(onoff.c.obj)
                              (--whole-archive)
zephyr/libzephyr.a(rb.c.obj)  (--whole-archive)
zephyr/libzephyr.a(sem.c.obj)
                              (--whole-archive)
zephyr/libzephyr.a(thread_entry.c.obj)
                              (--whole-archive)
zephyr/libzephyr.a(timeutil.c.obj)
                              (--whole-archive)
zephyr/libzephyr.a(heap.c.obj)
                              (--whole-archive)
zephyr/libzephyr.a(heap-validate.c.obj)
                              (--whole-archive)
zephyr/libzephyr.a(bitarray.c.obj)
                              (--whole-archive)
zephyr/libzephyr.a(multi_heap.c.obj)
                              (--whole-archive)
zephyr/libzephyr.a(cbprintf_complete.c.obj)
                              (--whole-archive)
zephyr/libzephyr.a(cbprintf.c.obj)
                              (--whole-archive)
zephyr/libzephyr.a(assert.c.obj)
                              (--whole-archive)
zephyr/libzephyr.a(configs.c.obj)
                              (--whole-archive)
zephyr/libzephyr.a(soc_nrf_common.S.obj)
                              (--whole-archive)
zephyr/libzephyr.a(validate_base_addresses.c.obj)
                              (--whole-archive)
zephyr/libzephyr.a(validate_enabled_instances.c.obj)
                              (--whole-archive)
zephyr/libzephyr.a(pm.c.obj)  (--whole-archive)
zephyr/libzephyr.a(policy.c.obj)
                              (--whole-archive)
zephyr/libzephyr.a(state.c.obj)
                              (--whole-archive)
zephyr/libzephyr.a(tracing_none.c.obj)
                              (--whole-archive)
zephyr/arch/common/libarch__common.a(sw_isr_common.c.obj)
                              (--whole-archive)
zephyr/arch/arch/arm/core/aarch32/libarch__arm__core__aarch32.a(cpu_idle.S.obj)
                              (--whole-archive)
zephyr/arch/arch/arm/core/aarch32/libarch__arm__core__aarch32.a(fatal.c.obj)
                              (--whole-archive)
zephyr/arch/arch/arm/core/aarch32/libarch__arm__core__aarch32.a(irq_manage.c.obj)
                              (--whole-archive)
zephyr/arch/arch/arm/core/aarch32/libarch__arm__core__aarch32.a(nmi.c.obj)
                              (--whole-archive)
zephyr/arch/arch/arm/core/aarch32/libarch__arm__core__aarch32.a(nmi_on_reset.S.obj)
                              (--whole-archive)
zephyr/arch/arch/arm/core/aarch32/libarch__arm__core__aarch32.a(prep_c.c.obj)
                              (--whole-archive)
zephyr/arch/arch/arm/core/aarch32/libarch__arm__core__aarch32.a(swap.c.obj)
                              (--whole-archive)
zephyr/arch/arch/arm/core/aarch32/libarch__arm__core__aarch32.a(swap_helper.S.obj)
                              (--whole-archive)
zephyr/arch/arch/arm/core/aarch32/libarch__arm__core__aarch32.a(thread.c.obj)
                              (--whole-archive)
zephyr/arch/arch/arm/core/aarch32/libarch__arm__core__aarch32.a(isr_wrapper.S.obj)
                              (--whole-archive)
zephyr/arch/arch/arm/core/aarch32/cortex_m/libarch__arm__core__aarch32__cortex_m.a(exc_exit.S.obj)
                              (--whole-archive)
zephyr/arch/arch/arm/core/aarch32/cortex_m/libarch__arm__core__aarch32__cortex_m.a(fault.c.obj)
                              (--whole-archive)
zephyr/arch/arch/arm/core/aarch32/cortex_m/libarch__arm__core__aarch32__cortex_m.a(fault_s.S.obj)
                              (--whole-archive)
zephyr/arch/arch/arm/core/aarch32/cortex_m/libarch__arm__core__aarch32__cortex_m.a(fpu.c.obj)
                              (--whole-archive)
zephyr/arch/arch/arm/core/aarch32/cortex_m/libarch__arm__core__aarch32__cortex_m.a(irq_init.c.obj)
                              (--whole-archive)
zephyr/arch/arch/arm/core/aarch32/cortex_m/libarch__arm__core__aarch32__cortex_m.a(reset.S.obj)
                              (--whole-archive)
zephyr/arch/arch/arm/core/aarch32/cortex_m/libarch__arm__core__aarch32__cortex_m.a(scb.c.obj)
[...]
Memory Configuration

Name             Origin             Length             Attributes
FLASH            0x0000000000000000 0x0000000000030000 xr
SRAM             0x0000000020000000 0x0000000000006000 xw
IDT_LIST         0x00000000fffff7ff 0x0000000000000800 xw
*default*        0x0000000000000000 0xffffffffffffffff

Linker script and memory map

LOAD zephyr/CMakeFiles/zephyr_pre0.dir/misc/empty_file.c.obj
                0x0000000000000020                _region_min_align = 0x20

.rel.plt        0x0000000000000000        0x0
 *(SORT_BY_ALIGNMENT(.rel.plt))
                [!provide]                        PROVIDE (__rel_iplt_start = .)
 *(SORT_BY_ALIGNMENT(.rel.iplt))
 .rel.iplt      0x0000000000000000        0x0 app/libapp.a(main.c.obj)
                [!provide]                        PROVIDE (__rel_iplt_end = .)

.rela.plt       0x0000000000000000        0x0
 *(SORT_BY_ALIGNMENT(.rela.plt))
                [!provide]                        PROVIDE (__rela_iplt_start = .)
 *(SORT_BY_ALIGNMENT(.rela.iplt))
                [!provide]                        PROVIDE (__rela_iplt_end = .)

.rel.dyn
 *(SORT_BY_ALIGNMENT(.rel.*))

.rela.dyn
 *(SORT_BY_ALIGNMENT(.rela.*))

/DISCARD/
 *(SORT_BY_ALIGNMENT(.plt))

/DISCARD/
 *(SORT_BY_ALIGNMENT(.iplt))
                0x0000000000000000                __rom_region_start = 0x0

rom_start       0x0000000000000000       0xb8
                0x0000000000000000                . = 0x0
                0x0000000000000000                . = ALIGN (0x4)
                0x0000000000000000                . = ALIGN (0x80)
                0x0000000000000000                . = ALIGN (0x100)
                0x0000000000000000                _vector_start = .
 *(SORT_BY_ALIGNMENT(.exc_vector_table))
 *(SORT_BY_ALIGNMENT(.exc_vector_table.*))
 .exc_vector_table._vector_table_section
                0x0000000000000000       0x40 zephyr/arch/arch/arm/core/aarch32/cortex_m/libarch__arm__core__aarch32__cortex_m.a(vector_table.S.obj)
                0x0000000000000000                _vector_table
 *(SORT_BY_ALIGNMENT(.vectors))
                0x00000000000000b8                _vector_end = .
                0x0000000000000040                . = ALIGN (0x4)
 *(SORT_BY_ALIGNMENT(.gnu.linkonce.irq_vector_table*))
 .gnu.linkonce.irq_vector_table
                0x0000000000000040       0x78 zephyr/arch/common/libisr_tables.a(isr_tables.c.obj)
                0x0000000000000040                _irq_vector_table
                0x00000000000000b8                _vector_end = .

text            0x00000000000000b8     0x5264
                0x00000000000000b8                __text_region_start = .
 *(SORT_BY_ALIGNMENT(.text))
 .text          0x00000000000000b8       0x30 /home/esl/ncs/toolchains/1f9b40e71a/opt/zephyr-sdk/arm-zephyr-eabi/bin/../lib/gcc/arm-zephyr-eabi/12.2.0/thumb/v7e-m/nofp/libgcc.a(_aeabi_uldivmod.o)
                0x00000000000000b8                __aeabi_uldivmod
 .text          0x00000000000000e8        0x4 /home/esl/ncs/toolchains/1f9b40e71a/opt/zephyr-sdk/arm-zephyr-eabi/bin/../lib/gcc/arm-zephyr-eabi/12.2.0/thumb/v7e-m/nofp/libgcc.a(_dvmd_tls.o)
                0x00000000000000e8                __aeabi_ldiv0
                0x00000000000000e8                __aeabi_idiv0
 .text          0x00000000000000ec      0x2a0 /home/esl/ncs/toolchains/1f9b40e71a/opt/zephyr-sdk/arm-zephyr-eabi/bin/../lib/gcc/arm-zephyr-eabi/12.2.0/thumb/v7e-m/nofp/libgcc.a(_udivmoddi4.o)
                0x00000000000000ec                __udivmoddi4
 *(SORT_BY_ALIGNMENT(.text.*))
 .text.SPI_Write
                0x000000000000038c       0x40 app/libapp.a(main.c.obj)
                0x000000000000038c                SPI_Write
 .text.Epaper_Write_Command
                0x00000000000003cc       0x30 app/libapp.a(main.c.obj)
                0x00000000000003cc                Epaper_Write_Command
 .text.Epaper_Write_Data
                0x00000000000003fc       0x30 app/libapp.a(main.c.obj)
                0x00000000000003fc                Epaper_Write_Data
 .text.Epaper_READBUSY
                0x000000000000042c       0x28 app/libapp.a(main.c.obj)
                0x000000000000042c                Epaper_READBUSY
 .text.EPD_HW_Init
                0x0000000000000454       0xd8 app/libapp.a(main.c.obj)
                0x0000000000000454                EPD_HW_Init
 .text.epaperSetup
                0x000000000000052c       0xb0 app/libapp.a(main.c.obj)
                0x000000000000052c                epaperSetup
 .text.test_8bit_xfer
                0x00000000000005dc       0xb8 app/libapp.a(main.c.obj)
                0x00000000000005dc                test_8bit_xfer
 .text.main     0x0000000000000694       0x2c app/libapp.a(main.c.obj)
                0x0000000000000694                main
 .text.char_out
                0x00000000000006c0        0xc zephyr/libzephyr.a(printk.c.obj)
 .text.vprintk  0x00000000000006cc       0x1c zephyr/libzephyr.a(printk.c.obj)
                0x00000000000006cc                vprintk
 .text.process_event
                0x00000000000006e8      0x21c zephyr/libzephyr.a(onoff.c.obj)
 .text.z_cbvprintf_impl
                0x0000000000000904      0x764 zephyr/libzephyr.a(cbprintf_complete.c.obj)
                0x0000000000000904                z_cbvprintf_impl
 .text.z_arm_platform_init
                0x0000000000001068        0x4 zephyr/libzephyr.a(soc_nrf_common.S.obj)
                0x0000000000001068                z_arm_platform_init
 .text.pm_state_notify
                0x000000000000106c       0x5c zephyr/libzephyr.a(pm.c.obj)
 .text.pm_system_resume
                0x00000000000010c8       0x78 zephyr/libzephyr.a(pm.c.obj)
                0x00000000000010c8                pm_system_resume
 .text.pm_system_suspend
                0x0000000000001140       0xf8 zephyr/libzephyr.a(pm.c.obj)
                0x0000000000001140                pm_system_suspend
 .text.pm_policy_next_state
                0x0000000000001238       0x94 zephyr/libzephyr.a(policy.c.obj)
                0x0000000000001238                pm_policy_next_state
 .text.pm_state_cpu_get_all
                0x00000000000012cc       0x10 zephyr/libzephyr.a(state.c.obj)
                0x00000000000012cc                pm_state_cpu_get_all
 .text.z_arm_cpu_idle_init
                0x00000000000012dc        0xc zephyr/arch/arch/arm/core/aarch32/libarch__arm__core__aarch32.a(cpu_idle.S.obj)
                0x00000000000012dc                z_arm_cpu_idle_init
 .text.arch_cpu_idle
                0x00000000000012e8       0x1c zephyr/arch/arch/arm/core/aarch32/libarch__arm__core__aarch32.a(cpu_idle.S.obj)
                0x00000000000012e8                arch_cpu_idle
 .text.arch_cpu_atomic_idle
                0x0000000000001304       0x14 zephyr/arch/arch/arm/core/aarch32/libarch__arm__core__aarch32.a(cpu_idle.S.obj)
                0x0000000000001304                arch_cpu_atomic_idle
 .text.arch_irq_enable
                0x0000000000001318       0x1c zephyr/arch/arch/arm/core/aarch32/libarch__arm__core__aarch32.a(irq_manage.c.obj)
                0x0000000000001318                arch_irq_enable
 .text.arch_irq_disable
                0x0000000000001334       0x28 zephyr/arch/arch/arm/core/aarch32/libarch__arm__core__aarch32.a(irq_manage.c.obj)
                0x0000000000001334                arch_irq_disable
 .text.arch_irq_is_enabled
                0x000000000000135c       0x1c zephyr/arch/arch/arm/core/aarch32/libarch__arm__core__aarch32.a(irq_manage.c.obj)
                0x000000000000135c                arch_irq_is_enabled
 .text.z_arm_irq_priority_set
                0x0000000000001378       0x30 zephyr/arch/arch/arm/core/aarch32/libarch__arm__core__aarch32.a(irq_manage.c.obj)
                0x0000000000001378                z_arm_irq_priority_set
 .text.z_SysNmiOnReset
                0x00000000000013a8        0x8 zephyr/arch/arch/arm/core/aarch32/libarch__arm__core__aarch32.a(nmi_on_reset.S.obj)
                0x00000000000013a8                z_SysNmiOnReset
 .text.z_arm_prep_c
                0x00000000000013b0       0x2c zephyr/arch/arch/arm/core/aarch32/libarch__arm__core__aarch32.a(prep_c.c.obj)
                0x00000000000013b0                z_arm_prep_c
 .text.arch_swap
                0x00000000000013dc       0x34 zephyr/arch/arch/arm/core/aarch32/libarch__arm__core__aarch32.a(swap.c.obj)
                0x00000000000013dc                arch_swap
 .text.z_arm_pendsv
                0x0000000000001410       0x54 zephyr/arch/arch/arm/core/aarch32/libarch__arm__core__aarch32.a(swap_helper.S.obj)
                0x0000000000001410                z_arm_pendsv
 .text.z_arm_svc
                0x0000000000001464       0x20 zephyr/arch/arch/arm/core/aarch32/libarch__arm__core__aarch32.a(swap_helper.S.obj)
                0x0000000000001464                z_arm_svc
 .text.arch_new_thread
                0x0000000000001484       0x38 zephyr/arch/arch/arm/core/aarch32/libarch__arm__core__aarch32.a(thread.c.obj)
                0x0000000000001484                arch_new_thread
 .text.z_check_thread_stack_fail
                0x00000000000014bc       0x2c zephyr/arch/arch/arm/core/aarch32/libarch__arm__core__aarch32.a(thread.c.obj)
                0x00000000000014bc                z_check_thread_stack_fail
 .text.arch_switch_to_main_thread
                0x00000000000014e8       0x2c zephyr/arch/arch/arm/core/aarch32/libarch__arm__core__aarch32.a(thread.c.obj)
                0x00000000000014e8                arch_switch_to_main_thread
 .text._isr_wrapper
                0x0000000000001514       0x40 zephyr/arch/arch/arm/core/aarch32/libarch__arm__core__aarch32.a(isr_wrapper.S.obj)
                0x0000000000001514                _isr_wrapper
 .text._HandlerModeExit
                0x0000000000001554       0x1c zephyr/arch/arch/arm/core/aarch32/cortex_m/libarch__arm__core__aarch32__cortex_m.a(exc_exit.S.obj)
                0x0000000000001554                z_arm_exc_exit
                0x0000000000001554                z_arm_int_exit
 .text.mem_manage_fault
                0x0000000000001570       0x68 zephyr/arch/arch/arm/core/aarch32/cortex_m/libarch__arm__core__aarch32__cortex_m.a(fault.c.obj)
 .text.bus_fault.constprop.0
                0x00000000000015d8       0x34 zephyr/arch/arch/arm/core/aarch32/cortex_m/libarch__arm__core__aarch32__cortex_m.a(fault.c.obj)
 .text.z_arm_fault
                0x000000000000160c      0x130 zephyr/arch/arch/arm/core/aarch32/cortex_m/libarch__arm__core__aarch32__cortex_m.a(fault.c.obj)
                0x000000000000160c                z_arm_fault
 .text.z_arm_fault_init
                0x000000000000173c       0x10 zephyr/arch/arch/arm/core/aarch32/cortex_m/libarch__arm__core__aarch32__cortex_m.a(fault.c.obj)
                0x000000000000173c                z_arm_fault_init
 .text.__fault  0x000000000000174c       0x14 zephyr/arch/arch/arm/core/aarch32/cortex_m/libarch__arm__core__aarch32__cortex_m.a(fault_s.S.obj)
                0x000000000000174c                z_arm_bus_fault
                0x000000000000174c                z_arm_usage_fault
                0x000000000000174c                z_arm_mpu_fault
                0x000000000000174c                z_arm_exc_spurious
                0x000000000000174c                z_arm_debug_monitor
                0x000000000000174c                z_arm_hard_fault
 .text.z_arm_interrupt_init
                0x0000000000001760       0x18 zephyr/arch/arch/arm/core/aarch32/cortex_m/libarch__arm__core__aarch32__cortex_m.a(irq_init.c.obj)
                0x0000000000001760                z_arm_interrupt_init
 .text._reset_section
                0x0000000000001778       0x30 zephyr/arch/arch/arm/core/aarch32/cortex_m/libarch__arm__core__aarch32__cortex_m.a(reset.S.obj)
                0x0000000000001778                z_arm_reset
                0x0000000000001778                __start
 .text.z_impl_k_thread_abort
                0x00000000000017a8       0x2c zephyr/arch/arch/arm/core/aarch32/cortex_m/libarch__arm__core__aarch32__cortex_m.a(thread_abort.c.obj)
                0x00000000000017a8                z_impl_k_thread_abort
 .text.z_arm_configure_static_mpu_regions
                0x00000000000017d4       0x18 zephyr/arch/arch/arm/core/aarch32/mpu/libarch__arm__core__aarch32__mpu.a(arm_core_mpu.c.obj)
                0x00000000000017d4                z_arm_configure_static_mpu_regions
 .text.z_arm_configure_dynamic_mpu_regions
                0x00000000000017ec       0x20 zephyr/arch/arch/arm/core/aarch32/mpu/libarch__arm__core__aarch32__mpu.a(arm_core_mpu.c.obj)
                0x00000000000017ec                z_arm_configure_dynamic_mpu_regions
 .text.mpu_configure_regions
                0x000000000000180c       0x88 zephyr/arch/arch/arm/core/aarch32/mpu/libarch__arm__core__aarch32__mpu.a(arm_mpu.c.obj)
 .text.arm_core_mpu_enable
                0x0000000000001894       0x18 zephyr/arch/arch/arm/core/aarch32/mpu/libarch__arm__core__aarch32__mpu.a(arm_mpu.c.obj)
                0x0000000000001894                arm_core_mpu_enable
 .text.arm_core_mpu_disable
                0x00000000000018ac       0x14 zephyr/arch/arch/arm/core/aarch32/mpu/libarch__arm__core__aarch32__mpu.a(arm_mpu.c.obj)
                0x00000000000018ac                arm_core_mpu_disable
 .text.arm_core_mpu_configure_static_mpu_regions
                0x00000000000018c0       0x14 zephyr/arch/arch/arm/core/aarch32/mpu/libarch__arm__core__aarch32__mpu.a(arm_mpu.c.obj)
                0x00000000000018c0                arm_core_mpu_configure_static_mpu_regions
 .text.arm_core_mpu_configure_dynamic_mpu_regions
                0x00000000000018d4       0x30 zephyr/arch/arch/arm/core/aarch32/mpu/libarch__arm__core__aarch32__mpu.a(arm_mpu.c.obj)
                0x00000000000018d4                arm_core_mpu_configure_dynamic_mpu_regions
 .text.z_arm_mpu_init
                0x0000000000001904       0x60 zephyr/arch/arch/arm/core/aarch32/mpu/libarch__arm__core__aarch32__mpu.a(arm_mpu.c.obj)
                0x0000000000001904                z_arm_mpu_init
 .text.arch_busy_wait
                0x0000000000001964       0x14 zephyr/soc/arm/nordic_nrf/nrf52/libsoc__arm__nordic_nrf__nrf52.a(soc.c.obj)
                0x0000000000001964                arch_busy_wait
 .text.onoff_stop
                0x0000000000001978       0x30 zephyr/drivers/clock_control/libdrivers__clock_control.a(clock_control_nrf.c.obj)
 .text.onoff_start
                0x00000000000019a8       0x44 zephyr/drivers/clock_control/libdrivers__clock_control.a(clock_control_nrf.c.obj)
 .text.clk_init
                0x00000000000019ec       0x58 zephyr/drivers/clock_control/libdrivers__clock_control.a(clock_control_nrf.c.obj)
 .text.clkstarted_handle.constprop.0
                0x0000000000001a44       0x34 zephyr/drivers/clock_control/libdrivers__clock_control.a(clock_control_nrf.c.obj)
 .text.clock_event_handler
                0x0000000000001a78       0x1c zephyr/drivers/clock_control/libdrivers__clock_control.a(clock_control_nrf.c.obj)
 .text.generic_hfclk_start
                0x0000000000001a94       0x64 zephyr/drivers/clock_control/libdrivers__clock_control.a(clock_control_nrf.c.obj)
 .text.api_blocking_start
                0x0000000000001af8       0x34 zephyr/drivers/clock_control/libdrivers__clock_control.a(clock_control_nrf.c.obj)
 .text.generic_hfclk_stop
                0x0000000000001b2c       0x2c zephyr/drivers/clock_control/libdrivers__clock_control.a(clock_control_nrf.c.obj)
 .text.z_nrf_clock_control_lf_on
                0x0000000000001b58       0xfc zephyr/drivers/clock_control/libdrivers__clock_control.a(clock_control_nrf.c.obj)
                0x0000000000001b58                z_nrf_clock_control_lf_on
 .text.gpio_nrfx_pin_interrupt_configure
                0x0000000000001c54       0xc8 zephyr/drivers/gpio/libdrivers__gpio.a(gpio_nrfx.c.obj)
 .text.gpio_nrfx_init
                0x0000000000001d1c       0x38 zephyr/drivers/gpio/libdrivers__gpio.a(gpio_nrfx.c.obj)
 .text.nrfx_gpio_handler
                0x0000000000001d54       0x3c zephyr/drivers/gpio/libdrivers__gpio.a(gpio_nrfx.c.obj)
 .text.gpio_nrfx_pin_configure
                0x0000000000001d90      0x128 zephyr/drivers/gpio/libdrivers__gpio.a(gpio_nrfx.c.obj)
 .text.transfer_next_chunk
                0x0000000000001eb8       0x80 zephyr/drivers/spi/libdrivers__spi.a(spi_nrfx_spi.c.obj)
 .text.spi_nrfx_transceive
                0x0000000000001f38      0x258 zephyr/drivers/spi/libdrivers__spi.a(spi_nrfx_spi.c.obj)
 .text.spi_bitbang_transceive
                0x0000000000002190      0x328 zephyr/drivers/spi/libdrivers__spi.a(spi_bitbang.c.obj)
 .text.compare_int_lock
                0x00000000000024b8       0x48 zephyr/drivers/timer/libdrivers__timer.a(nrf_rtc_timer.c.obj)
 .text.sys_clock_timeout_handler
                0x0000000000002500       0x80 zephyr/drivers/timer/libdrivers__timer.a(nrf_rtc_timer.c.obj)
 .text.compare_int_unlock
                0x0000000000002580       0x5c zephyr/drivers/timer/libdrivers__timer.a(nrf_rtc_timer.c.obj)
 .text.z_nrf_rtc_timer_read
                0x00000000000025dc       0x44 zephyr/drivers/timer/libdrivers__timer.a(nrf_rtc_timer.c.obj)
                0x00000000000025dc                z_nrf_rtc_timer_read
 .text.compare_set
                0x0000000000002620      0x148 zephyr/drivers/timer/libdrivers__timer.a(nrf_rtc_timer.c.obj)
 .text.sys_clock_driver_init
                0x0000000000002768       0x80 zephyr/drivers/timer/libdrivers__timer.a(nrf_rtc_timer.c.obj)
 .text.rtc_nrf_isr
                0x00000000000027e8       0xe4 zephyr/drivers/timer/libdrivers__timer.a(nrf_rtc_timer.c.obj)
                0x00000000000027e8                rtc_nrf_isr
 .text.sys_clock_set_timeout
                0x00000000000028cc       0x64 zephyr/drivers/timer/libdrivers__timer.a(nrf_rtc_timer.c.obj)
                0x00000000000028cc                sys_clock_set_timeout
 .text.sys_clock_elapsed
                0x0000000000002930       0x14 zephyr/drivers/timer/libdrivers__timer.a(nrf_rtc_timer.c.obj)
                0x0000000000002930                sys_clock_elapsed
 .text.__NVIC_SystemReset
                0x0000000000002944       0x24 modules/hal_nordic/nrfx/libmodules__hal_nordic__nrfx.a(system_nrf52810.c.obj)
 .text.nrf52_errata_16
                0x0000000000002968       0x28 modules/hal_nordic/nrfx/libmodules__hal_nordic__nrfx.a(system_nrf52810.c.obj)
 .text.nrf52_configuration_249
                0x0000000000002990       0x34 modules/hal_nordic/nrfx/libmodules__hal_nordic__nrfx.a(system_nrf52810.c.obj)
 .text.nvmc_wait
                0x00000000000029c4       0x10 modules/hal_nordic/nrfx/libmodules__hal_nordic__nrfx.a(system_nrf52810.c.obj)
                0x00000000000029c4                nvmc_wait
 .text.SystemInit
                0x00000000000029d4      0x304 modules/hal_nordic/nrfx/libmodules__hal_nordic__nrfx.a(system_nrf52810.c.obj)
                0x00000000000029d4                SystemInit
 .text.nrfx_flag32_alloc
                0x0000000000002cd8       0x40 modules/hal_nordic/nrfx/libmodules__hal_nordic__nrfx.a(nrfx_flag32_allocator.c.obj)
                0x0000000000002cd8                nrfx_flag32_alloc
 .text.nrfx_flag32_free
                0x0000000000002d18       0x40 modules/hal_nordic/nrfx/libmodules__hal_nordic__nrfx.a(nrfx_flag32_allocator.c.obj)
                0x0000000000002d18                nrfx_flag32_free
 .text.clock_stop
                0x0000000000002d58       0xc8 modules/hal_nordic/nrfx/libmodules__hal_nordic__nrfx.a(nrfx_clock.c.obj)
 .text.nrfx_clock_init
                0x0000000000002e20       0x20 modules/hal_nordic/nrfx/libmodules__hal_nordic__nrfx.a(nrfx_clock.c.obj)
                0x0000000000002e20                nrfx_clock_init
 .text.nrfx_power_clock_irq_handler
                0x0000000000002e40       0x68 modules/hal_nordic/nrfx/libmodules__hal_nordic__nrfx.a(nrfx_clock.c.obj)
                0x0000000000002e40                nrfx_power_clock_irq_handler
 .text.pin_in_use_by_te
                0x0000000000002ea8       0x14 modules/hal_nordic/nrfx/libmodules__hal_nordic__nrfx.a(nrfx_gpiote.c.obj)
 .text.call_handler
                0x0000000000002ebc       0x3c modules/hal_nordic/nrfx/libmodules__hal_nordic__nrfx.a(nrfx_gpiote.c.obj)
 .text.release_handler
                0x0000000000002ef8       0x54 modules/hal_nordic/nrfx/libmodules__hal_nordic__nrfx.a(nrfx_gpiote.c.obj)
 .text.pin_handler_trigger_uninit
                0x0000000000002f4c       0x38 modules/hal_nordic/nrfx/libmodules__hal_nordic__nrfx.a(nrfx_gpiote.c.obj)
 .text.nrfx_gpiote_input_configure
                0x0000000000002f84      0x15c modules/hal_nordic/nrfx/libmodules__hal_nordic__nrfx.a(nrfx_gpiote.c.obj)
                0x0000000000002f84                nrfx_gpiote_input_configure
 .text.nrfx_gpiote_output_configure
                0x00000000000030e0       0xfc modules/hal_nordic/nrfx/libmodules__hal_nordic__nrfx.a(nrfx_gpiote.c.obj)
                0x00000000000030e0                nrfx_gpiote_output_configure
 .text.nrfx_gpiote_global_callback_set
                0x00000000000031dc        0xc modules/hal_nordic/nrfx/libmodules__hal_nordic__nrfx.a(nrfx_gpiote.c.obj)
                0x00000000000031dc                nrfx_gpiote_global_callback_set
 .text.nrfx_gpiote_channel_get
                0x00000000000031e8       0x2c modules/hal_nordic/nrfx/libmodules__hal_nordic__nrfx.a(nrfx_gpiote.c.obj)
                0x00000000000031e8                nrfx_gpiote_channel_get
 .text.nrfx_gpiote_init
                0x0000000000003214       0x50 modules/hal_nordic/nrfx/libmodules__hal_nordic__nrfx.a(nrfx_gpiote.c.obj)
                0x0000000000003214                nrfx_gpiote_init
 .text.nrfx_gpiote_is_init
                0x0000000000003264       0x14 modules/hal_nordic/nrfx/libmodules__hal_nordic__nrfx.a(nrfx_gpiote.c.obj)
                0x0000000000003264                nrfx_gpiote_is_init
 .text.nrfx_gpiote_channel_free
                0x0000000000003278        0xc modules/hal_nordic/nrfx/libmodules__hal_nordic__nrfx.a(nrfx_gpiote.c.obj)
                0x0000000000003278                nrfx_gpiote_channel_free
 .text.nrfx_gpiote_channel_alloc
                0x0000000000003284        0xc modules/hal_nordic/nrfx/libmodules__hal_nordic__nrfx.a(nrfx_gpiote.c.obj)
                0x0000000000003284                nrfx_gpiote_channel_alloc
 .text.nrfx_gpiote_trigger_enable
                0x0000000000003290       0x88 modules/hal_nordic/nrfx/libmodules__hal_nordic__nrfx.a(nrfx_gpiote.c.obj)
                0x0000000000003290                nrfx_gpiote_trigger_enable
 .text.nrfx_gpiote_trigger_disable
                0x0000000000003318       0x50 modules/hal_nordic/nrfx/libmodules__hal_nordic__nrfx.a(nrfx_gpiote.c.obj)
                0x0000000000003318                nrfx_gpiote_trigger_disable
 .text.nrfx_gpiote_pin_uninit
                0x0000000000003368       0x44 modules/hal_nordic/nrfx/libmodules__hal_nordic__nrfx.a(nrfx_gpiote.c.obj)
                0x0000000000003368                nrfx_gpiote_pin_uninit
 .text.nrfx_gpiote_irq_handler
                0x00000000000033ac      0x154 modules/hal_nordic/nrfx/libmodules__hal_nordic__nrfx.a(nrfx_gpiote.c.obj)
                0x00000000000033ac                nrfx_gpiote_irq_handler
 .text.nrfx_spi_init
                0x0000000000003500      0x15c modules/hal_nordic/nrfx/libmodules__hal_nordic__nrfx.a(nrfx_spi.c.obj)
                0x0000000000003500                nrfx_spi_init
 .text.nrfx_spi_uninit
                0x000000000000365c       0xa4 modules/hal_nordic/nrfx/libmodules__hal_nordic__nrfx.a(nrfx_spi.c.obj)
                0x000000000000365c                nrfx_spi_uninit
 .text.nrfx_spi_xfer
                0x0000000000003700      0x11c modules/hal_nordic/nrfx/libmodules__hal_nordic__nrfx.a(nrfx_spi.c.obj)
                0x0000000000003700                nrfx_spi_xfer
 .text.nrfx_spi_0_irq_handler
                0x000000000000381c       0x4c modules/hal_nordic/nrfx/libmodules__hal_nordic__nrfx.a(nrfx_spi.c.obj)
                0x000000000000381c                nrfx_spi_0_irq_handler
 .text.z_sys_init_run_level
                0x0000000000003868       0x44 zephyr/kernel/libkernel.a(device.c.obj)
                0x0000000000003868                z_sys_init_run_level
 .text.bg_thread_main
                0x00000000000038ac       0x34 zephyr/kernel/libkernel.a(init.c.obj)
 .text.z_bss_zero
                0x00000000000038e0       0x18 zephyr/kernel/libkernel.a(init.c.obj)
                0x00000000000038e0                z_bss_zero
 .text.z_init_cpu
                0x00000000000038f8       0x70 zephyr/kernel/libkernel.a(init.c.obj)
                0x00000000000038f8                z_init_cpu
 .text.z_cstart
                0x0000000000003968       0xd0 zephyr/kernel/libkernel.a(init.c.obj)
                0x0000000000003968                z_cstart
 .text.z_setup_new_thread
                0x0000000000003a38       0x64 zephyr/kernel/libkernel.a(thread.c.obj)
                0x0000000000003a38                z_setup_new_thread
 .text.z_init_static_threads
                0x0000000000003a9c       0xb8 zephyr/kernel/libkernel.a(thread.c.obj)
                0x0000000000003a9c                z_init_static_threads
 .text.idle     0x0000000000003b54       0x38 zephyr/kernel/libkernel.a(idle.c.obj)
                0x0000000000003b54                idle
 .text.z_impl_k_sem_give
                0x0000000000003b8c       0x40 zephyr/kernel/libkernel.a(sem.c.obj)
                0x0000000000003b8c                z_impl_k_sem_give
 .text.z_impl_k_sem_take
                0x0000000000003bcc       0x50 zephyr/kernel/libkernel.a(sem.c.obj)
                0x0000000000003bcc                z_impl_k_sem_take
 .text.z_reset_time_slice
                0x0000000000003c1c       0x28 zephyr/kernel/libkernel.a(sched.c.obj)
                0x0000000000003c1c                z_reset_time_slice
 .text.update_cache
                0x0000000000003c44       0x3c zephyr/kernel/libkernel.a(sched.c.obj)
 .text.move_thread_to_end_of_prio_q
                0x0000000000003c80       0x74 zephyr/kernel/libkernel.a(sched.c.obj)
 .text.ready_thread
                0x0000000000003cf4       0x68 zephyr/kernel/libkernel.a(sched.c.obj)
 .text.unready_thread
                0x0000000000003d5c       0x30 zephyr/kernel/libkernel.a(sched.c.obj)
 .text.pend     0x0000000000003d8c       0x4c zephyr/kernel/libkernel.a(sched.c.obj)
 .text.k_sched_time_slice_set
                0x0000000000003dd8       0x64 zephyr/kernel/libkernel.a(sched.c.obj)
                0x0000000000003dd8                k_sched_time_slice_set
 .text.z_time_slice
                0x0000000000003e3c       0x84 zephyr/kernel/libkernel.a(sched.c.obj)
                0x0000000000003e3c                z_time_slice
 .text.z_pend_curr
                0x0000000000003ec0       0x28 zephyr/kernel/libkernel.a(sched.c.obj)
                0x0000000000003ec0                z_pend_curr
 .text.z_reschedule
                0x0000000000003ee8       0x24 zephyr/kernel/libkernel.a(sched.c.obj)
                0x0000000000003ee8                z_reschedule
 .text.z_sched_start
                0x0000000000003f0c       0x3c zephyr/kernel/libkernel.a(sched.c.obj)
                0x0000000000003f0c                z_sched_start
 .text.z_impl_k_thread_suspend
                0x0000000000003f48       0x64 zephyr/kernel/libkernel.a(sched.c.obj)
                0x0000000000003f48                z_impl_k_thread_suspend
 .text.k_sched_lock
                0x0000000000003fac       0x28 zephyr/kernel/libkernel.a(sched.c.obj)
                0x0000000000003fac                k_sched_lock
 .text.k_sched_unlock
                0x0000000000003fd4       0x38 zephyr/kernel/libkernel.a(sched.c.obj)
                0x0000000000003fd4                k_sched_unlock
 .text.z_sched_init
                0x000000000000400c       0x18 zephyr/kernel/libkernel.a(sched.c.obj)
                0x000000000000400c                z_sched_init
 .text.z_impl_k_yield
                0x0000000000004024       0x7c zephyr/kernel/libkernel.a(sched.c.obj)
                0x0000000000004024                z_impl_k_yield
 .text.z_tick_sleep
                0x00000000000040a0       0x88 zephyr/kernel/libkernel.a(sched.c.obj)
 .text.z_impl_k_sleep
                0x0000000000004128       0x34 zephyr/kernel/libkernel.a(sched.c.obj)
                0x0000000000004128                z_impl_k_sleep
 .text.z_impl_z_current_get
                0x000000000000415c        0xc zephyr/kernel/libkernel.a(sched.c.obj)
                0x000000000000415c                z_impl_z_current_get
 .text.z_thread_abort
                0x0000000000004168       0xc0 zephyr/kernel/libkernel.a(sched.c.obj)
                0x0000000000004168                z_thread_abort
 .text.z_data_copy
                0x0000000000004228       0x34 zephyr/kernel/libkernel.a(xip.c.obj)
                0x0000000000004228                z_data_copy
 .text.elapsed  0x000000000000425c       0x14 zephyr/kernel/libkernel.a(timeout.c.obj)
 .text.next_timeout
                0x0000000000004270       0x50 zephyr/kernel/libkernel.a(timeout.c.obj)
 .text.remove_timeout
                0x00000000000042c0       0x38 zephyr/kernel/libkernel.a(timeout.c.obj)
 .text.z_add_timeout
                0x00000000000042f8       0xfc zephyr/kernel/libkernel.a(timeout.c.obj)
                0x00000000000042f8                z_add_timeout
 .text.sys_clock_announce
                0x00000000000043f4       0xb4 zephyr/kernel/libkernel.a(timeout.c.obj)
                0x00000000000043f4                sys_clock_announce
 .text.sys_clock_tick_get
                0x00000000000044a8       0x34 zephyr/kernel/libkernel.a(timeout.c.obj)
                0x00000000000044a8                sys_clock_tick_get
 .text.boot_banner
                0x00000000000044dc       0x14 zephyr/kernel/libkernel.a(banner.c.obj)
                0x00000000000044dc                boot_banner
 .text.gpio_pin_set_dt.isra.0
                0x00000000000044f0       0x28 app/libapp.a(main.c.obj)
 .text.gpio_pin_configure_dt.isra.0
                0x0000000000004518       0x2a app/libapp.a(main.c.obj)
 .text.k_msleep.isra.0
                0x0000000000004542       0x20 app/libapp.a(main.c.obj)
 .text.EPD_DeepSleep
                0x0000000000004562       0x18 app/libapp.a(main.c.obj)
                0x0000000000004562                EPD_DeepSleep
 .text.EPD_Update
                0x000000000000457a       0x1c app/libapp.a(main.c.obj)
                0x000000000000457a                EPD_Update
 .text.sys_notify_validate
                0x0000000000004596       0x22 zephyr/libzephyr.a(notify.c.obj)
                0x0000000000004596                sys_notify_validate
 .text.sys_notify_finalize
                0x00000000000045b8       0x1a zephyr/libzephyr.a(notify.c.obj)
                0x00000000000045b8                sys_notify_finalize
 .text.arch_printk_char_out
                0x00000000000045d2        0x4 zephyr/libzephyr.a(printk.c.obj)
                0x00000000000045d2                arch_printk_char_out
 .text.printk   0x00000000000045d6       0x1a zephyr/libzephyr.a(printk.c.obj)
                0x00000000000045d6                printk
 .text.process_recheck
                0x00000000000045f0       0x38 zephyr/libzephyr.a(onoff.c.obj)
 .text.validate_args
                0x0000000000004628       0x20 zephyr/libzephyr.a(onoff.c.obj)
 .text.notify_one
                0x0000000000004648       0x2c zephyr/libzephyr.a(onoff.c.obj)
 .text.transition_complete
                0x0000000000004674       0x1c zephyr/libzephyr.a(onoff.c.obj)
 .text.onoff_manager_init
                0x0000000000004690       0x26 zephyr/libzephyr.a(onoff.c.obj)
                0x0000000000004690                onoff_manager_init
 .text.onoff_request
                0x00000000000046b6       0xb0 zephyr/libzephyr.a(onoff.c.obj)
                0x00000000000046b6                onoff_request
 .text.z_thread_entry
                0x0000000000004766       0x14 zephyr/libzephyr.a(thread_entry.c.obj)
                0x0000000000004766                z_thread_entry
 .text.encode_uint
                0x000000000000477a       0x8c zephyr/libzephyr.a(cbprintf_complete.c.obj)
 .text.outs     0x0000000000004806       0x2e zephyr/libzephyr.a(cbprintf_complete.c.obj)
 .text._ConfigAbsSyms
                0x0000000000004834        0x2 zephyr/libzephyr.a(configs.c.obj)
                0x0000000000004834                _ConfigAbsSyms
 .text.z_arm_fatal_error
                0x0000000000004836        0x4 zephyr/arch/arch/arm/core/aarch32/libarch__arm__core__aarch32.a(fatal.c.obj)
                0x0000000000004836                z_arm_fatal_error
 .text.z_do_kernel_oops
                0x000000000000483a        0x8 zephyr/arch/arch/arm/core/aarch32/libarch__arm__core__aarch32.a(fatal.c.obj)
                0x000000000000483a                z_do_kernel_oops
 .text.z_irq_spurious
                0x0000000000004842        0x8 zephyr/arch/arch/arm/core/aarch32/libarch__arm__core__aarch32.a(irq_manage.c.obj)
                0x0000000000004842                z_irq_spurious
 .text.z_arm_nmi
                0x000000000000484a        0xe zephyr/arch/arch/arm/core/aarch32/libarch__arm__core__aarch32.a(nmi.c.obj)
                0x000000000000484a                z_arm_nmi
 .text.strlen   0x0000000000004858        0xe zephyr/lib/libc/minimal/liblib__libc__minimal.a(string.c.obj)
                0x0000000000004858                strlen
 .text.strnlen  0x0000000000004866       0x12 zephyr/lib/libc/minimal/liblib__libc__minimal.a(string.c.obj)
                0x0000000000004866                strnlen
 .text.memcpy   0x0000000000004878       0x16 zephyr/lib/libc/minimal/liblib__libc__minimal.a(string.c.obj)
                0x0000000000004878                memcpy
 .text.memset   0x000000000000488e       0x12 zephyr/lib/libc/minimal/liblib__libc__minimal.a(string.c.obj)
                0x000000000000488e                memset
 .text.nordicsemi_nrf52_init
                0x00000000000048a0       0x26 zephyr/soc/arm/nordic_nrf/nrf52/libsoc__arm__nordic_nrf__nrf52.a(soc.c.obj)
 .text.pm_state_set
                0x00000000000048c6       0x18 zephyr/soc/arm/nordic_nrf/nrf52/libsoc__arm__nordic_nrf__nrf52.a(power.c.obj)
                0x00000000000048c6                pm_state_set
 .text.pm_state_exit_post_ops
                0x00000000000048de        0xc zephyr/soc/arm/nordic_nrf/nrf52/libsoc__arm__nordic_nrf__nrf52.a(power.c.obj)
                0x00000000000048de                pm_state_exit_post_ops
 .text.get_status
                0x00000000000048ea       0x12 zephyr/drivers/clock_control/libdrivers__clock_control.a(clock_control_nrf.c.obj)
 .text.set_on_state
                0x00000000000048fc       0x26 zephyr/drivers/clock_control/libdrivers__clock_control.a(clock_control_nrf.c.obj)
 .text.stop     0x0000000000004922       0x54 zephyr/drivers/clock_control/libdrivers__clock_control.a(clock_control_nrf.c.obj)
 .text.api_stop
                0x0000000000004976        0x6 zephyr/drivers/clock_control/libdrivers__clock_control.a(clock_control_nrf.c.obj)
 .text.async_start
                0x000000000000497c       0x5e zephyr/drivers/clock_control/libdrivers__clock_control.a(clock_control_nrf.c.obj)
 .text.api_start
                0x00000000000049da        0xe zephyr/drivers/clock_control/libdrivers__clock_control.a(clock_control_nrf.c.obj)
 .text.onoff_started_callback
                0x00000000000049e8       0x12 zephyr/drivers/clock_control/libdrivers__clock_control.a(clock_control_nrf.c.obj)
 .text.lfclk_start
                0x00000000000049fa        0x6 zephyr/drivers/clock_control/libdrivers__clock_control.a(clock_control_nrf.c.obj)
 .text.lfclk_stop
                0x0000000000004a00        0x6 zephyr/drivers/clock_control/libdrivers__clock_control.a(clock_control_nrf.c.obj)
 .text.blocking_start_callback
                0x0000000000004a06        0x6 zephyr/drivers/clock_control/libdrivers__clock_control.a(clock_control_nrf.c.obj)
 .text.gpio_nrfx_port_get_raw
                0x0000000000004a0c        0xe zephyr/drivers/gpio/libdrivers__gpio.a(gpio_nrfx.c.obj)
 .text.gpio_nrfx_port_set_masked_raw
                0x0000000000004a1a       0x18 zephyr/drivers/gpio/libdrivers__gpio.a(gpio_nrfx.c.obj)
 .text.gpio_nrfx_port_set_bits_raw
                0x0000000000004a32        0xc zephyr/drivers/gpio/libdrivers__gpio.a(gpio_nrfx.c.obj)
 .text.gpio_nrfx_port_clear_bits_raw
                0x0000000000004a3e        0xc zephyr/drivers/gpio/libdrivers__gpio.a(gpio_nrfx.c.obj)
 .text.gpio_nrfx_port_toggle_bits
                0x0000000000004a4a       0x1a zephyr/drivers/gpio/libdrivers__gpio.a(gpio_nrfx.c.obj)
 .text.gpio_nrfx_manage_callback
                0x0000000000004a64       0x54 zephyr/drivers/gpio/libdrivers__gpio.a(gpio_nrfx.c.obj)
 .text.irq_connect0
                0x0000000000004ab8        0xa zephyr/drivers/spi/libdrivers__spi.a(spi_nrfx_spi.c.obj)
 .text.spi_context_get_next_buf.constprop.0
                0x0000000000004ac2       0x26 zephyr/drivers/spi/libdrivers__spi.a(spi_nrfx_spi.c.obj)
 .text.gpio_pin_set_dt.isra.0
                0x0000000000004ae8       0x28 zephyr/drivers/spi/libdrivers__spi.a(spi_nrfx_spi.c.obj)
 .text._spi_context_cs_control
                0x0000000000004b10       0x44 zephyr/drivers/spi/libdrivers__spi.a(spi_nrfx_spi.c.obj)
 .text.spi_context_unlock_unconditionally
                0x0000000000004b54       0x20 zephyr/drivers/spi/libdrivers__spi.a(spi_nrfx_spi.c.obj)
 .text.spi_nrfx_release
                0x0000000000004b74       0x24 zephyr/drivers/spi/libdrivers__spi.a(spi_nrfx_spi.c.obj)
 .text.spi_nrfx_init
                0x0000000000004b98       0xac zephyr/drivers/spi/libdrivers__spi.a(spi_nrfx_spi.c.obj)
 .text.event_handler
                0x0000000000004c44       0x86 zephyr/drivers/spi/libdrivers__spi.a(spi_nrfx_spi.c.obj)
 .text.gpio_pin_configure_dt
                0x0000000000004cca       0x3e zephyr/drivers/spi/libdrivers__spi.a(spi_bitbang.c.obj)
 .text.gpio_pin_get_dt
                0x0000000000004d08       0x2a zephyr/drivers/spi/libdrivers__spi.a(spi_bitbang.c.obj)
 .text.spi_context_get_next_buf
                0x0000000000004d32       0x2c zephyr/drivers/spi/libdrivers__spi.a(spi_bitbang.c.obj)
 .text.gpio_pin_set_dt.isra.0
                0x0000000000004d5e       0x28 zephyr/drivers/spi/libdrivers__spi.a(spi_bitbang.c.obj)
 .text.spi_bitbang_init
                0x0000000000004d86       0x8c zephyr/drivers/spi/libdrivers__spi.a(spi_bitbang.c.obj)
                0x0000000000004d86                spi_bitbang_init
 .text._spi_context_cs_control
                0x0000000000004e12       0x44 zephyr/drivers/spi/libdrivers__spi.a(spi_bitbang.c.obj)
 .text.spi_bitbang_release
                0x0000000000004e56       0x20 zephyr/drivers/spi/libdrivers__spi.a(spi_bitbang.c.obj)
                0x0000000000004e56                spi_bitbang_release
 .text.sys_clock_idle_exit
                0x0000000000004e76        0x2 zephyr/drivers/timer/libdrivers__timer.a(sys_clock_init.c.obj)
                0x0000000000004e76                sys_clock_idle_exit
 .text.pinctrl_lookup_state
                0x0000000000004e78       0x2c zephyr/drivers/pinctrl/libdrivers__pinctrl.a(common.c.obj)
                0x0000000000004e78                pinctrl_lookup_state
 .text.pinctrl_configure_pins
                0x0000000000004ea4       0xdc zephyr/drivers/pinctrl/libdrivers__pinctrl.a(pinctrl_nrf.c.obj)
                0x0000000000004ea4                pinctrl_configure_pins
 .text.nrf52_errata_31
                0x0000000000004f80       0x26 modules/hal_nordic/nrfx/libmodules__hal_nordic__nrfx.a(system_nrf52810.c.obj)
 .text.nrfx_isr
                0x0000000000004fa6        0x2 modules/hal_nordic/nrfx/libmodules__hal_nordic__nrfx.a(nrfx_glue.c.obj)
                0x0000000000004fa6                nrfx_isr
 .text.nrfx_busy_wait
                0x0000000000004fa8        0x4 modules/hal_nordic/nrfx/libmodules__hal_nordic__nrfx.a(nrfx_glue.c.obj)
                0x0000000000004fa8                nrfx_busy_wait
 .text.nrfx_clock_enable
                0x0000000000004fac       0x1a modules/hal_nordic/nrfx/libmodules__hal_nordic__nrfx.a(nrfx_clock.c.obj)
                0x0000000000004fac                nrfx_clock_enable
 .text.nrfx_clock_start
                0x0000000000004fc6       0x78 modules/hal_nordic/nrfx/libmodules__hal_nordic__nrfx.a(nrfx_clock.c.obj)
                0x0000000000004fc6                nrfx_clock_start
 .text.nrfx_clock_stop
                0x000000000000503e        0x4 modules/hal_nordic/nrfx/libmodules__hal_nordic__nrfx.a(nrfx_clock.c.obj)
                0x000000000000503e                nrfx_clock_stop
 .text.nrf_gpio_cfg_sense_set
                0x0000000000005042       0x1c modules/hal_nordic/nrfx/libmodules__hal_nordic__nrfx.a(nrfx_gpiote.c.obj)
 .text.transfer_byte
                0x000000000000505e       0x66 modules/hal_nordic/nrfx/libmodules__hal_nordic__nrfx.a(nrfx_spi.c.obj)
 .text.z_device_state_init
                0x00000000000050c4        0x2 zephyr/kernel/libkernel.a(device.c.obj)
                0x00000000000050c4                z_device_state_init
 .text.z_device_is_ready
                0x00000000000050c6       0x14 zephyr/kernel/libkernel.a(device.c.obj)
                0x00000000000050c6                z_device_is_ready
 .text.arch_system_halt
                0x00000000000050da       0x12 zephyr/kernel/libkernel.a(fatal.c.obj)
                0x00000000000050da                arch_system_halt
 .text.k_sys_fatal_error_handler
                0x00000000000050ec        0x6 zephyr/kernel/libkernel.a(fatal.c.obj)
                0x00000000000050ec                k_sys_fatal_error_handler
 .text.z_fatal_error
                0x00000000000050f2       0x36 zephyr/kernel/libkernel.a(fatal.c.obj)
                0x00000000000050f2                z_fatal_error
 .text.z_early_memset
                0x0000000000005128        0x4 zephyr/kernel/libkernel.a(init.c.obj)
                0x0000000000005128                z_early_memset
 .text.z_early_memcpy
                0x000000000000512c        0x4 zephyr/kernel/libkernel.a(init.c.obj)
                0x000000000000512c                z_early_memcpy
 .text.k_is_in_isr
                0x0000000000005130        0xc zephyr/kernel/libkernel.a(thread.c.obj)
                0x0000000000005130                k_is_in_isr
 .text.z_pm_save_idle_exit
                0x000000000000513c        0xe zephyr/kernel/libkernel.a(idle.c.obj)
                0x000000000000513c                z_pm_save_idle_exit
 .text.sys_dlist_remove
                0x000000000000514a       0x10 zephyr/kernel/libkernel.a(sched.c.obj)
 .text.unpend_thread_no_timeout
                0x000000000000515a       0x14 zephyr/kernel/libkernel.a(sched.c.obj)
 .text.z_thread_timeout
                0x000000000000516e       0x44 zephyr/kernel/libkernel.a(sched.c.obj)
                0x000000000000516e                z_thread_timeout
 .text.add_to_waitq_locked
                0x00000000000051b2       0x50 zephyr/kernel/libkernel.a(sched.c.obj)
 .text.z_ready_thread
                0x0000000000005202       0x20 zephyr/kernel/libkernel.a(sched.c.obj)
                0x0000000000005202                z_ready_thread
 .text.z_unpend_first_thread
                0x0000000000005222       0x38 zephyr/kernel/libkernel.a(sched.c.obj)
                0x0000000000005222                z_unpend_first_thread
 .text.z_reschedule_irqlock
                0x000000000000525a       0x18 zephyr/kernel/libkernel.a(sched.c.obj)
                0x000000000000525a                z_reschedule_irqlock
 .text.z_reschedule_unlocked
                0x0000000000005272       0x14 zephyr/kernel/libkernel.a(sched.c.obj)
 .text.z_abort_timeout
                0x0000000000005286       0x2c zephyr/kernel/libkernel.a(timeout.c.obj)
                0x0000000000005286                z_abort_timeout
 .text.z_get_next_timeout_expiry
                0x00000000000052b2       0x20 zephyr/kernel/libkernel.a(timeout.c.obj)
                0x00000000000052b2                z_get_next_timeout_expiry
 .text.z_set_timeout_expiry
                0x00000000000052d2       0x38 zephyr/kernel/libkernel.a(timeout.c.obj)
                0x00000000000052d2                z_set_timeout_expiry
 .text.sys_clock_tick_get_32
                0x000000000000530a        0x8 zephyr/kernel/libkernel.a(timeout.c.obj)
                0x000000000000530a                sys_clock_tick_get_32
 .text.z_impl_k_busy_wait
                0x0000000000005312        0x8 zephyr/kernel/libkernel.a(timeout.c.obj)
                0x0000000000005312                z_impl_k_busy_wait
 .text._OffsetAbsSyms
                0x000000000000531a        0x2 zephyr/CMakeFiles/offsets.dir/./arch/arm/core/offsets/offsets.c.obj
                0x000000000000531a                _OffsetAbsSyms
 *(SORT_BY_ALIGNMENT(.TEXT.*))
 *(SORT_BY_ALIGNMENT(.gnu.linkonce.t.*))
 *(SORT_BY_ALIGNMENT(.glue_7t))
 .glue_7t       0x000000000000531c        0x0 linker stubs
 *(SORT_BY_ALIGNMENT(.glue_7))
 .glue_7        0x000000000000531c        0x0 linker stubs
 *(SORT_BY_ALIGNMENT(.vfp11_veneer))
 .vfp11_veneer  0x000000000000531c        0x0 linker stubs
 *(SORT_BY_ALIGNMENT(.v4_bx))
 .v4_bx         0x000000000000531c        0x0 linker stubs
                0x000000000000531c                . = ALIGN (0x4)
                0x000000000000531c                __text_region_end = .

.ARM.exidx      0x000000000000531c        0x8
                0x000000000000531c                __exidx_start = .
 *(SORT_BY_ALIGNMENT(.ARM.exidx*) SORT_BY_ALIGNMENT(gnu.linkonce.armexidx.*))
 .ARM.exidx     0x000000000000531c        0x8 /home/esl/ncs/toolchains/1f9b40e71a/opt/zephyr-sdk/arm-zephyr-eabi/bin/../lib/gcc/arm-zephyr-eabi/12.2.0/thumb/v7e-m/nofp/libgcc.a(_udivmoddi4.o)
                0x0000000000005324                __exidx_end = .
                0x0000000000005324                __rodata_region_start = .

initlevel       0x0000000000005324       0x30
                0x0000000000005324                __init_start = .
                0x0000000000005324                __init_PRE_KERNEL_1_start = .
 *(SORT_BY_NAME(SORT_BY_ALIGNMENT(.z_init_PRE_KERNEL_1[0-9]_*)))
 .z_init_PRE_KERNEL_10_
                0x0000000000005324        0x8 zephyr/soc/arm/nordic_nrf/nrf52/libsoc__arm__nordic_nrf__nrf52.a(soc.c.obj)
 *(SORT_BY_NAME(SORT_BY_ALIGNMENT(.z_init_PRE_KERNEL_1[1-9][0-9]_*)))
 .z_init_PRE_KERNEL_130_
                0x000000000000532c        0x8 zephyr/drivers/clock_control/libdrivers__clock_control.a(clock_control_nrf.c.obj)
 .z_init_PRE_KERNEL_140_
                0x0000000000005334        0x8 zephyr/drivers/gpio/libdrivers__gpio.a(gpio_nrfx.c.obj)
                0x000000000000533c                __init_PRE_KERNEL_2_start = .
 *(SORT_BY_NAME(SORT_BY_ALIGNMENT(.z_init_PRE_KERNEL_2[0-9]_*)))
 .z_init_PRE_KERNEL_20_
                0x000000000000533c        0x8 zephyr/drivers/timer/libdrivers__timer.a(nrf_rtc_timer.c.obj)
 *(SORT_BY_NAME(SORT_BY_ALIGNMENT(.z_init_PRE_KERNEL_2[1-9][0-9]_*)))
                0x0000000000005344                __init_POST_KERNEL_start = .
 *(SORT_BY_NAME(SORT_BY_ALIGNMENT(.z_init_POST_KERNEL[0-9]_*)))
 *(SORT_BY_NAME(SORT_BY_ALIGNMENT(.z_init_POST_KERNEL[1-9][0-9]_*)))
 .z_init_POST_KERNEL70_
                0x0000000000005344        0x8 zephyr/drivers/spi/libdrivers__spi.a(spi_nrfx_spi.c.obj)
 .z_init_POST_KERNEL70_
                0x000000000000534c        0x8 zephyr/drivers/spi/libdrivers__spi.a(spi_bitbang.c.obj)
                0x0000000000005354                __init_APPLICATION_start = .
 *(SORT_BY_NAME(SORT_BY_ALIGNMENT(.z_init_APPLICATION[0-9]_*)))
 *(SORT_BY_NAME(SORT_BY_ALIGNMENT(.z_init_APPLICATION[1-9][0-9]_*)))
                0x0000000000005354                __init_SMP_start = .
 *(SORT_BY_NAME(SORT_BY_ALIGNMENT(.z_init_SMP[0-9]_*)))
 *(SORT_BY_NAME(SORT_BY_ALIGNMENT(.z_init_SMP[1-9][0-9]_*)))
                0x0000000000005354                __init_end = .

devices         0x0000000000005354       0x60
                0x0000000000005354                __device_start = .
                0x0000000000005354                __device_PRE_KERNEL_1_start = .
 *(SORT_BY_NAME(SORT_BY_ALIGNMENT(.z_device_PRE_KERNEL_1[0-9]_*)))
 *(SORT_BY_NAME(SORT_BY_ALIGNMENT(.z_device_PRE_KERNEL_1[1-9][0-9]_*)))
 .z_device_PRE_KERNEL_130_
                0x0000000000005354       0x18 zephyr/drivers/clock_control/libdrivers__clock_control.a(clock_control_nrf.c.obj)
                0x0000000000005354                __device_dts_ord_50
 .z_device_PRE_KERNEL_140_
                0x000000000000536c       0x18 zephyr/drivers/gpio/libdrivers__gpio.a(gpio_nrfx.c.obj)
                0x000000000000536c                __device_dts_ord_5
                0x0000000000005384                __device_PRE_KERNEL_2_start = .
 *(SORT_BY_NAME(SORT_BY_ALIGNMENT(.z_device_PRE_KERNEL_2[0-9]_*)))
 *(SORT_BY_NAME(SORT_BY_ALIGNMENT(.z_device_PRE_KERNEL_2[1-9][0-9]_*)))
                0x0000000000005384                __device_POST_KERNEL_start = .
 *(SORT_BY_NAME(SORT_BY_ALIGNMENT(.z_device_POST_KERNEL[0-9]_*)))
 *(SORT_BY_NAME(SORT_BY_ALIGNMENT(.z_device_POST_KERNEL[1-9][0-9]_*)))
 .z_device_POST_KERNEL70_
                0x0000000000005384       0x18 zephyr/drivers/spi/libdrivers__spi.a(spi_nrfx_spi.c.obj)
                0x0000000000005384                __device_dts_ord_68
 .z_device_POST_KERNEL70_
                0x000000000000539c       0x18 zephyr/drivers/spi/libdrivers__spi.a(spi_bitbang.c.obj)
                0x000000000000539c                __device_dts_ord_6
                0x00000000000053b4                __device_APPLICATION_start = .
 *(SORT_BY_NAME(SORT_BY_ALIGNMENT(.z_device_APPLICATION[0-9]_*)))
 *(SORT_BY_NAME(SORT_BY_ALIGNMENT(.z_device_APPLICATION[1-9][0-9]_*)))
                0x00000000000053b4                __device_SMP_start = .
 *(SORT_BY_NAME(SORT_BY_ALIGNMENT(.z_device_SMP[0-9]_*)))
 *(SORT_BY_NAME(SORT_BY_ALIGNMENT(.z_device_SMP[1-9][0-9]_*)))
                0x00000000000053b4                __device_end = .

sw_isr_table    0x00000000000053b4       0xf0
                0x00000000000053b4                . = ALIGN (0x4)
 *(SORT_BY_ALIGNMENT(.gnu.linkonce.sw_isr_table*))
 .gnu.linkonce.sw_isr_table
                0x00000000000053b4       0xf0 zephyr/arch/common/libisr_tables.a(isr_tables.c.obj)
                0x00000000000053b4                _sw_isr_table

initlevel_error
                0x0000000000005324        0x0
 *(SORT_BY_NAME(SORT_BY_ALIGNMENT(.z_init_[_A-Z0-9]*)))
                0x0000000000000001                ASSERT ((SIZEOF (initlevel_error) == 0x0), Undefined initialization levels used.)

app_shmem_regions
                0x00000000000054a4        0x0
                0x00000000000054a4                __app_shmem_regions_start = .
 *(SORT_BY_NAME(SORT_BY_ALIGNMENT(.app_regions.*)))
                0x00000000000054a4                __app_shmem_regions_end = .

k_p4wq_initparam_area
                0x00000000000054a4        0x0
                0x00000000000054a4                _k_p4wq_initparam_list_start = .
 *(SORT_BY_NAME(SORT_BY_ALIGNMENT(._k_p4wq_initparam.static.*)))
                0x00000000000054a4                _k_p4wq_initparam_list_end = .

device_handles  0x00000000000054a4       0x50
                0x00000000000054a4                __device_handles_start = .
 *(SORT_BY_NAME(SORT_BY_ALIGNMENT(.__device_handles_pass1*)))
 .__device_handles_pass1
                0x00000000000054a4        0xa zephyr/drivers/clock_control/libdrivers__clock_control.a(clock_control_nrf.c.obj)
                0x00000000000054a4                __devicehdl_DT_N_S_soc_S_clock_40000000
 .__device_handles_pass1
                0x00000000000054ae       0x2e zephyr/drivers/gpio/libdrivers__gpio.a(gpio_nrfx.c.obj)
                0x00000000000054ae                __devicehdl_DT_N_S_soc_S_gpio_50000000
 .__device_handles_pass1
                0x00000000000054dc        0xe zephyr/drivers/spi/libdrivers__spi.a(spi_nrfx_spi.c.obj)
                0x00000000000054dc                __devicehdl_DT_N_S_soc_S_spi_40004000
 .__device_handles_pass1
                0x00000000000054ea        0xa zephyr/drivers/spi/libdrivers__spi.a(spi_bitbang.c.obj)
                0x00000000000054ea                __devicehdl_DT_N_S_spibb0
                0x00000000000054f4                __device_handles_end = .

ztest           0x00000000000054f4        0x0
                0x00000000000054f4                _ztest_expected_result_entry_list_start = .
 *(SORT_BY_NAME(SORT_BY_ALIGNMENT(._ztest_expected_result_entry.static.*)))
                0x00000000000054f4                _ztest_expected_result_entry_list_end = .
                0x00000000000054f4                _ztest_suite_node_list_start = .
 *(SORT_BY_NAME(SORT_BY_ALIGNMENT(._ztest_suite_node.static.*)))
                0x00000000000054f4                _ztest_suite_node_list_end = .
                0x00000000000054f4                _ztest_unit_test_list_start = .
 *(SORT_BY_NAME(SORT_BY_ALIGNMENT(._ztest_unit_test.static.*)))
                0x00000000000054f4                _ztest_unit_test_list_end = .
                0x00000000000054f4                _ztest_test_rule_list_start = .
 *(SORT_BY_NAME(SORT_BY_ALIGNMENT(._ztest_test_rule.static.*)))
                0x00000000000054f4                _ztest_test_rule_list_end = .

bt_l2cap_fixed_chan_area
                0x00000000000054f4        0x0
                0x00000000000054f4                _bt_l2cap_fixed_chan_list_start = .
 *(SORT_BY_NAME(SORT_BY_ALIGNMENT(._bt_l2cap_fixed_chan.static.*)))
                0x00000000000054f4                _bt_l2cap_fixed_chan_list_end = .

bt_gatt_service_static_area
                0x00000000000054f4        0x0
                0x00000000000054f4                _bt_gatt_service_static_list_start = .
 *(SORT_BY_NAME(SORT_BY_ALIGNMENT(._bt_gatt_service_static.static.*)))
                0x00000000000054f4                _bt_gatt_service_static_list_end = .

log_strings_sections
                0x00000000000054f4        0x0
                0x00000000000054f4                __log_strings_start = .
 *(SORT_BY_NAME(SORT_BY_ALIGNMENT(.log_strings*)))
                0x00000000000054f4                __log_strings_end = .

log_const_sections
                0x00000000000054f4        0x0
                0x00000000000054f4                __log_const_start = .
 *(SORT_BY_NAME(SORT_BY_ALIGNMENT(.log_const_*)))
                0x00000000000054f4                __log_const_end = .

log_backends_sections
                0x00000000000054f4        0x0
                0x00000000000054f4                __log_backends_start = .
 *(SORT_BY_ALIGNMENT(._log_backend.*))
                0x00000000000054f4                __log_backends_end = .

tracing_backend_area
                0x00000000000054f4        0x0
                0x00000000000054f4                _tracing_backend_list_start = .
 *(SORT_BY_NAME(SORT_BY_ALIGNMENT(._tracing_backend.static.*)))
                0x00000000000054f4                _tracing_backend_list_end = .

zephyr_dbg_info
 *(SORT_BY_ALIGNMENT(.dbg_thread_info))

symbol_to_keep  0x00000000000054f4        0x0
                0x00000000000054f4                __symbol_to_keep_start = .
 *(SORT_BY_NAME(SORT_BY_ALIGNMENT(.symbol_to_keep*)))
                0x00000000000054f4                __symbol_to_keep_end = .

shell_area      0x00000000000054f4        0x0
                0x00000000000054f4                _shell_list_start = .
 *(SORT_BY_NAME(SORT_BY_ALIGNMENT(._shell.static.*)))
                0x00000000000054f4                _shell_list_end = .

shell_root_cmds_sections
                0x00000000000054f4        0x0
                0x00000000000054f4                __shell_root_cmds_start = .
 *(SORT_BY_NAME(SORT_BY_ALIGNMENT(.shell_root_cmd_*)))
                0x00000000000054f4                __shell_root_cmds_end = .

shell_subcmds_sections
                0x00000000000054f4        0x0
                0x00000000000054f4                __shell_subcmds_start = .
 *(SORT_BY_NAME(SORT_BY_ALIGNMENT(.shell_subcmd_*)))
                0x00000000000054f4                __shell_subcmds_end = .

shell_dynamic_subcmds_sections
                0x00000000000054f4        0x0
                0x00000000000054f4                __shell_dynamic_subcmds_start = .
 *(SORT_BY_NAME(SORT_BY_ALIGNMENT(.shell_dynamic_subcmd_*)))
                0x00000000000054f4                __shell_dynamic_subcmds_end = .

font_entry_sections
                0x00000000000054f4        0x0
                0x00000000000054f4                __font_entry_start = .
 *(SORT_BY_NAME(SORT_BY_ALIGNMENT(._cfb_font.*)))
                0x00000000000054f4                __font_entry_end = .

rodata          0x0000000000005500      0x204
 *(SORT_BY_ALIGNMENT(.rodata))
 .rodata        0x0000000000005500        0xc app/libapp.a(main.c.obj)
 *(SORT_BY_ALIGNMENT(.rodata.*))
 *fill*         0x000000000000550c        0x4 
 .rodata.delay_machine_code.0
                0x0000000000005510        0x6 zephyr/soc/arm/nordic_nrf/nrf52/libsoc__arm__nordic_nrf__nrf52.a(soc.c.obj)
 *fill*         0x0000000000005516        0x2 
 .rodata.LED2   0x0000000000005518        0x8 app/libapp.a(main.c.obj)
 .rodata.LED1   0x0000000000005520        0x8 app/libapp.a(main.c.obj)
 .rodata.LED0   0x0000000000005528        0x8 app/libapp.a(main.c.obj)
 .rodata.EPEN   0x0000000000005530        0x8 app/libapp.a(main.c.obj)
 .rodata.SDI    0x0000000000005538        0x8 app/libapp.a(main.c.obj)
 .rodata.SCK    0x0000000000005540        0x8 app/libapp.a(main.c.obj)
 .rodata.CS     0x0000000000005548        0x8 app/libapp.a(main.c.obj)
 .rodata.DC     0x0000000000005550        0x8 app/libapp.a(main.c.obj)
 .rodata.RES    0x0000000000005558        0x8 app/libapp.a(main.c.obj)
 .rodata.BUSY   0x0000000000005560        0x8 app/libapp.a(main.c.obj)
 .rodata.pmstates_DT_N_S_cpus_S_cpu_0
                0x0000000000005568        0x0 zephyr/libzephyr.a(state.c.obj)
 .rodata.static_regions
                0x0000000000005568        0xc zephyr/arch/arch/arm/core/aarch32/mpu/libarch__arm__core__aarch32__mpu.a(arm_core_mpu.c.obj)
 .rodata.mpu_config
                0x0000000000005574        0x8 zephyr/soc/arm/common/cortex_m/libsoc__arm__common__cortex_m.a(arm_mpu_regions.c.obj)
                0x0000000000005574                mpu_config
 .rodata.mpu_regions
                0x000000000000557c       0x18 zephyr/soc/arm/common/cortex_m/libsoc__arm__common__cortex_m.a(arm_mpu_regions.c.obj)
 .rodata.transitions.0
                0x0000000000005594        0xc zephyr/drivers/clock_control/libdrivers__clock_control.a(clock_control_nrf.c.obj)
 .rodata.config
                0x00000000000055a0       0x10 zephyr/drivers/clock_control/libdrivers__clock_control.a(clock_control_nrf.c.obj)
 .rodata.clock_control_api
                0x00000000000055b0       0x1c zephyr/drivers/clock_control/libdrivers__clock_control.a(clock_control_nrf.c.obj)
 .rodata.gpio_nrfx_p0_cfg
                0x00000000000055cc       0x10 zephyr/drivers/gpio/libdrivers__gpio.a(gpio_nrfx.c.obj)
 .rodata.gpio_nrfx_drv_api_funcs
                0x00000000000055dc       0x24 zephyr/drivers/gpio/libdrivers__gpio.a(gpio_nrfx.c.obj)
 .rodata.spi_0z_config
                0x0000000000005600       0x24 zephyr/drivers/spi/libdrivers__spi.a(spi_nrfx_spi.c.obj)
 .rodata.__pinctrl_dev_config__device_dts_ord_68
                0x0000000000005624        0xc zephyr/drivers/spi/libdrivers__spi.a(spi_nrfx_spi.c.obj)
 .rodata.__pinctrl_states__device_dts_ord_68
                0x0000000000005630        0x8 zephyr/drivers/spi/libdrivers__spi.a(spi_nrfx_spi.c.obj)
 .rodata.__pinctrl_state_pins_0__device_dts_ord_68
                0x0000000000005638        0xc zephyr/drivers/spi/libdrivers__spi.a(spi_nrfx_spi.c.obj)
 .rodata.__compound_literal.0
                0x0000000000005644        0x8 zephyr/drivers/spi/libdrivers__spi.a(spi_nrfx_spi.c.obj)
 .rodata.spi_nrfx_driver_api
                0x000000000000564c        0x8 zephyr/drivers/spi/libdrivers__spi.a(spi_nrfx_spi.c.obj)
 .rodata.__compound_literal.0
                0x0000000000005654        0x8 zephyr/drivers/spi/libdrivers__spi.a(spi_bitbang.c.obj)
 .rodata.levels.0
                0x000000000000565c       0x14 zephyr/kernel/libkernel.a(device.c.obj)
 .rodata._k_neg_eagain
                0x0000000000005670        0x4 zephyr/kernel/libkernel.a(errno.c.obj)
                0x0000000000005670                _k_neg_eagain
 .rodata.test_8bit_xfer.str1.1
                0x0000000000005674        0x6 app/libapp.a(main.c.obj)
 .rodata.z_cbvprintf_impl.str1.1
                0x000000000000567a        0x6 zephyr/libzephyr.a(cbprintf_complete.c.obj)
 .rodata.str1.1
                0x0000000000005680        0xf zephyr/soc/arm/common/cortex_m/libsoc__arm__common__cortex_m.a(arm_mpu_regions.c.obj)
 .rodata.str1.1
                0x000000000000568f        0xf zephyr/drivers/clock_control/libdrivers__clock_control.a(clock_control_nrf.c.obj)
 .rodata.str1.1
                0x000000000000569e        0xe zephyr/drivers/gpio/libdrivers__gpio.a(gpio_nrfx.c.obj)
 .rodata.str1.1
                0x00000000000056ac        0xd zephyr/drivers/spi/libdrivers__spi.a(spi_nrfx_spi.c.obj)
 .rodata.str1.1
                0x00000000000056b9        0x7 zephyr/drivers/spi/libdrivers__spi.a(spi_bitbang.c.obj)
 .rodata.CSWTCH.22
                0x00000000000056c0        0x3 modules/hal_nordic/nrfx/libmodules__hal_nordic__nrfx.a(system_nrf52810.c.obj)
 .rodata.CSWTCH.21
                0x00000000000056c3        0x5 modules/hal_nordic/nrfx/libmodules__hal_nordic__nrfx.a(system_nrf52810.c.obj)
 .rodata.CSWTCH.18
                0x00000000000056c8        0x5 modules/hal_nordic/nrfx/libmodules__hal_nordic__nrfx.a(system_nrf52810.c.obj)
 .rodata.CSWTCH.14
                0x00000000000056cd        0x5 modules/hal_nordic/nrfx/libmodules__hal_nordic__nrfx.a(system_nrf52810.c.obj)
 .rodata.CSWTCH.4
                0x00000000000056d2        0x5 modules/hal_nordic/nrfx/libmodules__hal_nordic__nrfx.a(system_nrf52810.c.obj)
 .rodata.z_cstart.str1.1
                0x00000000000056d7        0x5 zephyr/kernel/libkernel.a(init.c.obj)
 .rodata.boot_banner.str1.1
                0x00000000000056dc       0x27 zephyr/kernel/libkernel.a(banner.c.obj)
                                         0x28 (size before relaxing)
 *(SORT_BY_ALIGNMENT(.gnu.linkonce.r.*))
                0x0000000000005704                . = ALIGN (0x4)
 *fill*         0x0000000000005703        0x1 
                0x0000000000005704                __rodata_region_end = .
                0x0000000000005720                . = ALIGN (_region_min_align)
                0x0000000000008000                . = ALIGN ((0x1 << ((__rodata_region_end - ADDR (rom_start)) <= 0x4)?0x2:((__rodata_region_end - ADDR (rom_start)) <= 0x8)?0x3:((__rodata_region_end - ADDR (rom_start)) <= 0x10)?0x4:((__rodata_region_end - ADDR (rom_start)) <= 0x20)?0x5:((__rodata_region_end - ADDR (rom_start)) <= 0x40)?0x6:((__rodata_region_end - ADDR (rom_start)) <= 0x80)?0x7:((__rodata_region_end - ADDR (rom_start)) <= 0x100)?0x8:((__rodata_region_end - ADDR (rom_start)) <= 0x200)?0x9:((__rodata_region_end - ADDR (rom_start)) <= 0x400)?0xa:((__rodata_region_end - ADDR (rom_start)) <= 0x800)?0xb:((__rodata_region_end - ADDR (rom_start)) <= 0x1000)?0xc:((__rodata_region_end - ADDR (rom_start)) <= 0x2000)?0xd:((__rodata_region_end - ADDR (rom_start)) <= 0x4000)?0xe:((__rodata_region_end - ADDR (rom_start)) <= 0x8000)?0xf:((__rodata_region_end - ADDR (rom_start)) <= 0x10000)?0x10:((__rodata_region_end - ADDR (rom_start)) <= 0x20000)?0x11:((__rodata_region_end - ADDR (rom_start)) <= 0x40000)?0x12:((__rodata_region_end - ADDR (rom_start)) <= 0x80000)?0x13:((__rodata_region_end - ADDR (rom_start)) <= 0x100000)?0x14:((__rodata_region_end - ADDR (rom_start)) <= 0x200000)?0x15:((__rodata_region_end - ADDR (rom_start)) <= 0x400000)?0x16:((__rodata_region_end - ADDR (rom_start)) <= 0x800000)?0x17:((__rodata_region_end - ADDR (rom_start)) <= 0x1000000)?0x18:((__rodata_region_end - ADDR (rom_start)) <= 0x2000000)?0x19:((__rodata_region_end - ADDR (rom_start)) <= 0x4000000)?0x1a:((__rodata_region_end - ADDR (rom_start)) <= 0x8000000)?0x1b:((__rodata_region_end - ADDR (rom_start)) <= 0x10000000)?0x1c:((__rodata_region_end - ADDR (rom_start)) <= 0x20000000)?0x1d:((__rodata_region_end - ADDR (rom_start)) <= 0x40000000)?0x1e:((__rodata_region_end - ADDR (rom_start)) <= 0x80000000)?0x1f:0x20))
                0x0000000000008000                __rom_region_end = ((__rom_region_start + .) - ADDR (rom_start))

/DISCARD/
 *(SORT_BY_ALIGNMENT(.got.plt))
 *(SORT_BY_ALIGNMENT(.igot.plt))
 *(SORT_BY_ALIGNMENT(.got))
 *(SORT_BY_ALIGNMENT(.igot))
                0x0000000020000000                . = 0x20000000
                0x0000000020000000                . = ALIGN (_region_min_align)
                0x0000000020000000                _image_ram_start = .

.ramfunc        0x0000000020000000        0x0 load address 0x0000000000005704
                0x0000000020000000                . = ALIGN (_region_min_align)
                0x0000000020000000                . = ALIGN ((0x1 << (__ramfunc_size <= 0x4)?0x2:(__ramfunc_size <= 0x8)?0x3:(__ramfunc_size <= 0x10)?0x4:(__ramfunc_size <= 0x20)?0x5:(__ramfunc_size <= 0x40)?0x6:(__ramfunc_size <= 0x80)?0x7:(__ramfunc_size <= 0x100)?0x8:(__ramfunc_size <= 0x200)?0x9:(__ramfunc_size <= 0x400)?0xa:(__ramfunc_size <= 0x800)?0xb:(__ramfunc_size <= 0x1000)?0xc:(__ramfunc_size <= 0x2000)?0xd:(__ramfunc_size <= 0x4000)?0xe:(__ramfunc_size <= 0x8000)?0xf:(__ramfunc_size <= 0x10000)?0x10:(__ramfunc_size <= 0x20000)?0x11:(__ramfunc_size <= 0x40000)?0x12:(__ramfunc_size <= 0x80000)?0x13:(__ramfunc_size <= 0x100000)?0x14:(__ramfunc_size <= 0x200000)?0x15:(__ramfunc_size <= 0x400000)?0x16:(__ramfunc_size <= 0x800000)?0x17:(__ramfunc_size <= 0x1000000)?0x18:(__ramfunc_size <= 0x2000000)?0x19:(__ramfunc_size <= 0x4000000)?0x1a:(__ramfunc_size <= 0x8000000)?0x1b:(__ramfunc_size <= 0x10000000)?0x1c:(__ramfunc_size <= 0x20000000)?0x1d:(__ramfunc_size <= 0x40000000)?0x1e:(__ramfunc_size <= 0x80000000)?0x1f:0x20))
                0x0000000020000000                __ramfunc_start = .
 *(SORT_BY_ALIGNMENT(.ramfunc))
 *(SORT_BY_ALIGNMENT(.ramfunc.*))
                0x0000000020000000                . = ALIGN (_region_min_align)
                0x0000000020000000                . = ALIGN ((0x1 << (__ramfunc_size <= 0x4)?0x2:(__ramfunc_size <= 0x8)?0x3:(__ramfunc_size <= 0x10)?0x4:(__ramfunc_size <= 0x20)?0x5:(__ramfunc_size <= 0x40)?0x6:(__ramfunc_size <= 0x80)?0x7:(__ramfunc_size <= 0x100)?0x8:(__ramfunc_size <= 0x200)?0x9:(__ramfunc_size <= 0x400)?0xa:(__ramfunc_size <= 0x800)?0xb:(__ramfunc_size <= 0x1000)?0xc:(__ramfunc_size <= 0x2000)?0xd:(__ramfunc_size <= 0x4000)?0xe:(__ramfunc_size <= 0x8000)?0xf:(__ramfunc_size <= 0x10000)?0x10:(__ramfunc_size <= 0x20000)?0x11:(__ramfunc_size <= 0x40000)?0x12:(__ramfunc_size <= 0x80000)?0x13:(__ramfunc_size <= 0x100000)?0x14:(__ramfunc_size <= 0x200000)?0x15:(__ramfunc_size <= 0x400000)?0x16:(__ramfunc_size <= 0x800000)?0x17:(__ramfunc_size <= 0x1000000)?0x18:(__ramfunc_size <= 0x2000000)?0x19:(__ramfunc_size <= 0x4000000)?0x1a:(__ramfunc_size <= 0x8000000)?0x1b:(__ramfunc_size <= 0x10000000)?0x1c:(__ramfunc_size <= 0x20000000)?0x1d:(__ramfunc_size <= 0x40000000)?0x1e:(__ramfunc_size <= 0x80000000)?0x1f:0x20))
                0x0000000020000000                __ramfunc_end = .
                0x0000000000000000                __ramfunc_size = (__ramfunc_end - __ramfunc_start)
                0x0000000000005704                __ramfunc_load_start = LOADADDR (.ramfunc)

datas           0x0000000020000000      0x150 load address 0x0000000000005704
                0x0000000020000000                __data_region_start = .
                0x0000000020000000                __data_start = .
 *(SORT_BY_ALIGNMENT(.data))
 *(SORT_BY_ALIGNMENT(.data.*))
 .data._char_out
                0x0000000020000000        0x4 zephyr/libzephyr.a(printk.c.obj)
                0x0000000020000000                _char_out
 .data.max_latency_ticks
                0x0000000020000004        0x4 zephyr/libzephyr.a(policy.c.obj)
 .data.spi_0_data
                0x0000000020000008       0x60 zephyr/drivers/spi/libdrivers__spi.a(spi_nrfx_spi.c.obj)
 .data.spi_bitbang_data_0
                0x0000000020000068       0x60 zephyr/drivers/spi/libdrivers__spi.a(spi_bitbang.c.obj)
 .data.spi_bitbang_config_0
                0x00000000200000c8       0x18 zephyr/drivers/spi/libdrivers__spi.a(spi_bitbang.c.obj)
 .data.spi_bitbang_api
                0x00000000200000e0        0x8 zephyr/drivers/spi/libdrivers__spi.a(spi_bitbang.c.obj)
 .data.SystemCoreClock
                0x00000000200000e8        0x4 modules/hal_nordic/nrfx/libmodules__hal_nordic__nrfx.a(system_nrf52810.c.obj)
                0x00000000200000e8                SystemCoreClock
 .data.m_cb     0x00000000200000ec       0x5c modules/hal_nordic/nrfx/libmodules__hal_nordic__nrfx.a(nrfx_gpiote.c.obj)
 .data.timeout_list
                0x0000000020000148        0x8 zephyr/kernel/libkernel.a(timeout.c.obj)
 *(SORT_BY_ALIGNMENT(.kernel.*))
                0x0000000020000150                __data_end = .
                0x0000000000000150                __data_size = (__data_end - __data_start)
                0x0000000000005704                __data_load_start = LOADADDR (datas)
                0x0000000000005704                __data_region_load_start = LOADADDR (datas)

device_states   0x0000000020000150       0x10 load address 0x0000000000005854
                0x0000000020000150                __device_states_start = .
 *(SORT_BY_ALIGNMENT(.z_devstate))
 .z_devstate    0x0000000020000150        0x4 zephyr/drivers/clock_control/libdrivers__clock_control.a(clock_control_nrf.c.obj)
 .z_devstate    0x0000000020000154        0x4 zephyr/drivers/gpio/libdrivers__gpio.a(gpio_nrfx.c.obj)
 .z_devstate    0x0000000020000158        0x4 zephyr/drivers/spi/libdrivers__spi.a(spi_nrfx_spi.c.obj)
 .z_devstate    0x000000002000015c        0x4 zephyr/drivers/spi/libdrivers__spi.a(spi_bitbang.c.obj)
 *(SORT_BY_ALIGNMENT(.z_devstate.*))
                0x0000000020000160                __device_states_end = .

initshell       0x0000000020000160        0x0 load address 0x0000000000005864
                0x0000000020000160                __shell_module_start = .
 *(SORT_BY_ALIGNMENT(.shell_module_*))
                0x0000000020000160                __shell_module_end = .
                0x0000000020000160                __shell_cmd_start = .
 *(SORT_BY_ALIGNMENT(.shell_cmd_*))
                0x0000000020000160                __shell_cmd_end = .

log_dynamic_sections
                0x0000000020000160        0x0 load address 0x0000000000005864
                0x0000000020000160                __log_dynamic_start = .
 *(SORT_BY_NAME(SORT_BY_ALIGNMENT(.log_dynamic_*)))
                0x0000000020000160                __log_dynamic_end = .

_static_thread_data_area
                0x0000000020000160        0x0 load address 0x0000000000005864
                0x0000000020000160                __static_thread_data_list_start = .
 *(SORT_BY_NAME(SORT_BY_ALIGNMENT(.__static_thread_data.static.*)))
                0x0000000020000160                __static_thread_data_list_end = .

k_timer_area    0x0000000020000160        0x0 load address 0x0000000000005864
                0x0000000020000160                _k_timer_list_start = .
 *(SORT_BY_NAME(SORT_BY_ALIGNMENT(._k_timer.static.*)))
                0x0000000020000160                _k_timer_list_end = .

k_mem_slab_area
                0x0000000020000160        0x0 load address 0x0000000000005864
                0x0000000020000160                _k_mem_slab_list_start = .
 *(SORT_BY_NAME(SORT_BY_ALIGNMENT(._k_mem_slab.static.*)))
                0x0000000020000160                _k_mem_slab_list_end = .

k_mem_pool_area
                0x0000000020000160        0x0 load address 0x0000000000005864
                0x0000000020000160                _k_mem_pool_list_start = .
 *(SORT_BY_NAME(SORT_BY_ALIGNMENT(._k_mem_pool.static.*)))
                0x0000000020000160                _k_mem_pool_list_end = .

k_heap_area     0x0000000020000160        0x0 load address 0x0000000000005864
                0x0000000020000160                _k_heap_list_start = .
 *(SORT_BY_NAME(SORT_BY_ALIGNMENT(._k_heap.static.*)))
                0x0000000020000160                _k_heap_list_end = .

k_mutex_area    0x0000000020000160        0x0 load address 0x0000000000005864
                0x0000000020000160                _k_mutex_list_start = .
 *(SORT_BY_NAME(SORT_BY_ALIGNMENT(._k_mutex.static.*)))
                0x0000000020000160                _k_mutex_list_end = .

k_stack_area    0x0000000020000160        0x0 load address 0x0000000000005864
                0x0000000020000160                _k_stack_list_start = .
 *(SORT_BY_NAME(SORT_BY_ALIGNMENT(._k_stack.static.*)))
                0x0000000020000160                _k_stack_list_end = .

k_msgq_area     0x0000000020000160        0x0 load address 0x0000000000005864
                0x0000000020000160                _k_msgq_list_start = .
 *(SORT_BY_NAME(SORT_BY_ALIGNMENT(._k_msgq.static.*)))
                0x0000000020000160                _k_msgq_list_end = .

k_mbox_area     0x0000000020000160        0x0 load address 0x0000000000005864
                0x0000000020000160                _k_mbox_list_start = .
 *(SORT_BY_NAME(SORT_BY_ALIGNMENT(._k_mbox.static.*)))
                0x0000000020000160                _k_mbox_list_end = .

k_pipe_area     0x0000000020000160        0x0 load address 0x0000000000005864
                0x0000000020000160                _k_pipe_list_start = .
 *(SORT_BY_NAME(SORT_BY_ALIGNMENT(._k_pipe.static.*)))
                0x0000000020000160                _k_pipe_list_end = .

k_sem_area      0x0000000020000160        0x0 load address 0x0000000000005864
                0x0000000020000160                _k_sem_list_start = .
 *(SORT_BY_NAME(SORT_BY_ALIGNMENT(._k_sem.static.*)))
                0x0000000020000160                _k_sem_list_end = .

k_event_area    0x0000000020000160        0x0 load address 0x0000000000005864
                0x0000000020000160                _k_event_list_start = .
 *(SORT_BY_NAME(SORT_BY_ALIGNMENT(._k_event.static.*)))
                0x0000000020000160                _k_event_list_end = .

k_queue_area    0x0000000020000160        0x0 load address 0x0000000000005864
                0x0000000020000160                _k_queue_list_start = .
 *(SORT_BY_NAME(SORT_BY_ALIGNMENT(._k_queue.static.*)))
                0x0000000020000160                _k_queue_list_end = .

k_condvar_area  0x0000000020000160        0x0 load address 0x0000000000005864
                0x0000000020000160                _k_condvar_list_start = .
 *(SORT_BY_NAME(SORT_BY_ALIGNMENT(._k_condvar.static.*)))
                0x0000000020000160                _k_condvar_list_end = .

_net_buf_pool_area
                0x0000000020000160        0x0 load address 0x0000000000005864
                0x0000000020000160                _net_buf_pool_list = .
 *(SORT_BY_NAME(SORT_BY_ALIGNMENT(._net_buf_pool.static.*)))
                0x0000000020000160                __data_region_end = .

bss             0x0000000020000160      0x242
                0x0000000020000160                . = ALIGN (0x4)
                0x0000000020000160                __bss_start = .
                0x0000000020000160                __kernel_ram_start = .
 *(SORT_BY_ALIGNMENT(.bss))
 *(SORT_BY_ALIGNMENT(.bss.*))
 .bss.cc_data   0x0000000020000160       0x10 zephyr/drivers/timer/libdrivers__timer.a(nrf_rtc_timer.c.obj)
 .bss.last_count
                0x0000000020000170        0x8 zephyr/drivers/timer/libdrivers__timer.a(nrf_rtc_timer.c.obj)
 .bss.anchor    0x0000000020000178        0x8 zephyr/drivers/timer/libdrivers__timer.a(nrf_rtc_timer.c.obj)
 .bss.z_idle_threads
                0x0000000020000180       0x80 zephyr/kernel/libkernel.a(init.c.obj)
                0x0000000020000180                z_idle_threads
 .bss.z_main_thread
                0x0000000020000200       0x80 zephyr/kernel/libkernel.a(init.c.obj)
                0x0000000020000200                z_main_thread
 .bss.curr_tick
                0x0000000020000280        0x8 zephyr/kernel/libkernel.a(timeout.c.obj)
 .bss.z_cpus_pm_forced_state
                0x0000000020000288        0xc zephyr/libzephyr.a(pm.c.obj)
 .bss.z_cpus_pm_state
                0x0000000020000294        0xc zephyr/libzephyr.a(pm.c.obj)
 .bss.pm_notifiers
                0x00000000200002a0        0x8 zephyr/libzephyr.a(pm.c.obj)
 .bss.z_post_ops_required
                0x00000000200002a8        0x4 zephyr/libzephyr.a(pm.c.obj)
 .bss.dynamic_regions.0
                0x00000000200002ac        0xc zephyr/arch/arch/arm/core/aarch32/mpu/libarch__arm__core__aarch32__mpu.a(arm_core_mpu.c.obj)
 .bss.cli.1     0x00000000200002b8       0x10 zephyr/drivers/clock_control/libdrivers__clock_control.a(clock_control_nrf.c.obj)
 .bss.on.2      0x00000000200002c8        0x4 zephyr/drivers/clock_control/libdrivers__clock_control.a(clock_control_nrf.c.obj)
 .bss.data      0x00000000200002cc       0x50 zephyr/drivers/clock_control/libdrivers__clock_control.a(clock_control_nrf.c.obj)
 .bss.hfclk_users
                0x000000002000031c        0x4 zephyr/drivers/clock_control/libdrivers__clock_control.a(clock_control_nrf.c.obj)
 .bss.gpio_nrfx_p0_data
                0x0000000020000320        0xc zephyr/drivers/gpio/libdrivers__gpio.a(gpio_nrfx.c.obj)
 .bss.force_isr_mask
                0x000000002000032c        0x4 zephyr/drivers/timer/libdrivers__timer.a(nrf_rtc_timer.c.obj)
 .bss.int_mask  0x0000000020000330        0x4 zephyr/drivers/timer/libdrivers__timer.a(nrf_rtc_timer.c.obj)
 .bss.overflow_cnt
                0x0000000020000334        0x4 zephyr/drivers/timer/libdrivers__timer.a(nrf_rtc_timer.c.obj)
 .bss.m_clock_cb
                0x0000000020000338        0x8 modules/hal_nordic/nrfx/libmodules__hal_nordic__nrfx.a(nrfx_clock.c.obj)
 .bss.m_cb      0x0000000020000340       0x28 modules/hal_nordic/nrfx/libmodules__hal_nordic__nrfx.a(nrfx_spi.c.obj)
 .bss._kernel   0x0000000020000368       0x28 zephyr/kernel/libkernel.a(init.c.obj)
                0x0000000020000368                _kernel
 .bss.pending_current
                0x0000000020000390        0x4 zephyr/kernel/libkernel.a(sched.c.obj)
 .bss.slice_max_prio
                0x0000000020000394        0x4 zephyr/kernel/libkernel.a(sched.c.obj)
 .bss.slice_ticks
                0x0000000020000398        0x4 zephyr/kernel/libkernel.a(sched.c.obj)
 .bss.announce_remaining
                0x000000002000039c        0x4 zephyr/kernel/libkernel.a(timeout.c.obj)
 .bss.static_regions_num
                0x00000000200003a0        0x1 zephyr/arch/arch/arm/core/aarch32/mpu/libarch__arm__core__aarch32__mpu.a(arm_mpu.c.obj)
 .bss.z_sys_post_kernel
                0x00000000200003a1        0x1 zephyr/kernel/libkernel.a(init.c.obj)
                0x00000000200003a1                z_sys_post_kernel
 .bss.lock      0x00000000200003a2        0x0 zephyr/kernel/libkernel.a(sem.c.obj)
 .bss.sched_spinlock
                0x00000000200003a2        0x0 zephyr/kernel/libkernel.a(sched.c.obj)
                0x00000000200003a2                sched_spinlock
 *(SORT_BY_ALIGNMENT(COMMON))
 *(SORT_BY_ALIGNMENT(.kernel_bss.*))
                0x00000000200003a4                __bss_end = ALIGN (0x4)

noinit          0x00000000200003c0      0xdc0
 *(SORT_BY_ALIGNMENT(.noinit))
 *(SORT_BY_ALIGNMENT(.noinit.*))
 .noinit."WEST_TOPDIR/zephyr/kernel/init.c".2
                0x00000000200003c0      0x840 zephyr/kernel/libkernel.a(init.c.obj)
                0x00000000200003c0                z_interrupt_stacks
 .noinit."WEST_TOPDIR/zephyr/kernel/init.c".1
                0x0000000020000c00      0x140 zephyr/kernel/libkernel.a(init.c.obj)
 .noinit."WEST_TOPDIR/zephyr/kernel/init.c".0
                0x0000000020000d40      0x440 zephyr/kernel/libkernel.a(init.c.obj)
                0x0000000020000d40                z_main_stack
 *(SORT_BY_ALIGNMENT(.kernel_noinit.*))
                0x0000000020001180                _image_ram_end = .
                0x0000000020001180                _end = .
                0x0000000020006000                __kernel_ram_end = 0x20006000
                0x0000000000005ea0                __kernel_ram_size = (__kernel_ram_end - __kernel_ram_start)

.intList        0x00000000fffff800       0x48
 *(SORT_BY_ALIGNMENT(.irq_info*))
 .irq_info      0x00000000fffff800        0x8 zephyr/arch/common/libisr_tables.a(isr_tables.c.obj)
                0x00000000fffff800                _iheader
 *(SORT_BY_ALIGNMENT(.intList*))
 .intList       0x00000000fffff808       0x10 zephyr/drivers/clock_control/libdrivers__clock_control.a(clock_control_nrf.c.obj)
 .intList       0x00000000fffff818       0x10 zephyr/drivers/gpio/libdrivers__gpio.a(gpio_nrfx.c.obj)
 .intList       0x00000000fffff828       0x10 zephyr/drivers/spi/libdrivers__spi.a(spi_nrfx_spi.c.obj)
 .intList       0x00000000fffff838       0x10 zephyr/drivers/timer/libdrivers__timer.a(nrf_rtc_timer.c.obj)

.stab
 *(SORT_BY_ALIGNMENT(.stab))

.stabstr
 *(SORT_BY_ALIGNMENT(.stabstr))

.stab.excl
 *(SORT_BY_ALIGNMENT(.stab.excl))

.stab.exclstr
 *(SORT_BY_ALIGNMENT(.stab.exclstr))

.stab.index
 *(SORT_BY_ALIGNMENT(.stab.index))

.stab.indexstr
 *(SORT_BY_ALIGNMENT(.stab.indexstr))

.gnu.build.attributes
 *(SORT_BY_ALIGNMENT(.gnu.build.attributes) SORT_BY_ALIGNMENT(.gnu.build.attributes.*))

.comment        0x0000000000000000       0x20
 *(SORT_BY_ALIGNMENT(.comment))
 .comment       0x0000000000000000       0x20 app/libapp.a(main.c.obj)
                                         0x21 (size before relaxing)
 .comment       0x0000000000000020       0x21 zephyr/libzephyr.a(notify.c.obj)
 .comment       0x0000000000000020       0x21 zephyr/libzephyr.a(printk.c.obj)
 .comment       0x0000000000000020       0x21 zephyr/libzephyr.a(onoff.c.obj)
 .comment       0x0000000000000020       0x21 zephyr/libzephyr.a(thread_entry.c.obj)
 .comment       0x0000000000000020       0x21 zephyr/libzephyr.a(cbprintf_complete.c.obj)
 .comment       0x0000000000000020       0x21 zephyr/libzephyr.a(configs.c.obj)
 .comment       0x0000000000000020       0x21 zephyr/libzephyr.a(pm.c.obj)
 .comment       0x0000000000000020       0x21 zephyr/libzephyr.a(policy.c.obj)
 .comment       0x0000000000000020       0x21 zephyr/libzephyr.a(state.c.obj)
 .comment       0x0000000000000020       0x21 zephyr/arch/arch/arm/core/aarch32/libarch__arm__core__aarch32.a(fatal.c.obj)
 .comment       0x0000000000000020       0x21 zephyr/arch/arch/arm/core/aarch32/libarch__arm__core__aarch32.a(irq_manage.c.obj)
 .comment       0x0000000000000020       0x21 zephyr/arch/arch/arm/core/aarch32/libarch__arm__core__aarch32.a(nmi.c.obj)
 .comment       0x0000000000000020       0x21 zephyr/arch/arch/arm/core/aarch32/libarch__arm__core__aarch32.a(prep_c.c.obj)
 .comment       0x0000000000000020       0x21 zephyr/arch/arch/arm/core/aarch32/libarch__arm__core__aarch32.a(swap.c.obj)
 .comment       0x0000000000000020       0x21 zephyr/arch/arch/arm/core/aarch32/libarch__arm__core__aarch32.a(thread.c.obj)
 .comment       0x0000000000000020       0x21 zephyr/arch/arch/arm/core/aarch32/cortex_m/libarch__arm__core__aarch32__cortex_m.a(fault.c.obj)
 .comment       0x0000000000000020       0x21 zephyr/arch/arch/arm/core/aarch32/cortex_m/libarch__arm__core__aarch32__cortex_m.a(irq_init.c.obj)
 .comment       0x0000000000000020       0x21 zephyr/arch/arch/arm/core/aarch32/cortex_m/libarch__arm__core__aarch32__cortex_m.a(thread_abort.c.obj)
 .comment       0x0000000000000020       0x21 zephyr/arch/arch/arm/core/aarch32/mpu/libarch__arm__core__aarch32__mpu.a(arm_core_mpu.c.obj)
 .comment       0x0000000000000020       0x21 zephyr/arch/arch/arm/core/aarch32/mpu/libarch__arm__core__aarch32__mpu.a(arm_mpu.c.obj)
 .comment       0x0000000000000020       0x21 zephyr/lib/libc/minimal/liblib__libc__minimal.a(string.c.obj)
 .comment       0x0000000000000020       0x21 zephyr/soc/arm/common/cortex_m/libsoc__arm__common__cortex_m.a(arm_mpu_regions.c.obj)
 .comment       0x0000000000000020       0x21 zephyr/soc/arm/nordic_nrf/nrf52/libsoc__arm__nordic_nrf__nrf52.a(soc.c.obj)
 .comment       0x0000000000000020       0x21 zephyr/soc/arm/nordic_nrf/nrf52/libsoc__arm__nordic_nrf__nrf52.a(power.c.obj)
 .comment       0x0000000000000020       0x21 zephyr/drivers/clock_control/libdrivers__clock_control.a(clock_control_nrf.c.obj)
 .comment       0x0000000000000020       0x21 zephyr/drivers/gpio/libdrivers__gpio.a(gpio_nrfx.c.obj)
 .comment       0x0000000000000020       0x21 zephyr/drivers/spi/libdrivers__spi.a(spi_nrfx_spi.c.obj)
 .comment       0x0000000000000020       0x21 zephyr/drivers/spi/libdrivers__spi.a(spi_bitbang.c.obj)
 .comment       0x0000000000000020       0x21 zephyr/drivers/timer/libdrivers__timer.a(sys_clock_init.c.obj)
 .comment       0x0000000000000020       0x21 zephyr/drivers/timer/libdrivers__timer.a(nrf_rtc_timer.c.obj)
 .comment       0x0000000000000020       0x21 zephyr/drivers/pinctrl/libdrivers__pinctrl.a(common.c.obj)
 .comment       0x0000000000000020       0x21 zephyr/drivers/pinctrl/libdrivers__pinctrl.a(pinctrl_nrf.c.obj)
 .comment       0x0000000000000020       0x21 modules/hal_nordic/nrfx/libmodules__hal_nordic__nrfx.a(system_nrf52810.c.obj)
 .comment       0x0000000000000020       0x21 modules/hal_nordic/nrfx/libmodules__hal_nordic__nrfx.a(nrfx_glue.c.obj)
 .comment       0x0000000000000020       0x21 modules/hal_nordic/nrfx/libmodules__hal_nordic__nrfx.a(nrfx_flag32_allocator.c.obj)
 .comment       0x0000000000000020       0x21 modules/hal_nordic/nrfx/libmodules__hal_nordic__nrfx.a(nrfx_clock.c.obj)
 .comment       0x0000000000000020       0x21 modules/hal_nordic/nrfx/libmodules__hal_nordic__nrfx.a(nrfx_gpiote.c.obj)
 .comment       0x0000000000000020       0x21 modules/hal_nordic/nrfx/libmodules__hal_nordic__nrfx.a(nrfx_spi.c.obj)
 .comment       0x0000000000000020       0x21 zephyr/kernel/libkernel.a(device.c.obj)
 .comment       0x0000000000000020       0x21 zephyr/kernel/libkernel.a(errno.c.obj)
 .comment       0x0000000000000020       0x21 zephyr/kernel/libkernel.a(fatal.c.obj)
 .comment       0x0000000000000020       0x21 zephyr/kernel/libkernel.a(init.c.obj)
 .comment       0x0000000000000020       0x21 zephyr/kernel/libkernel.a(thread.c.obj)
 .comment       0x0000000000000020       0x21 zephyr/kernel/libkernel.a(idle.c.obj)
 .comment       0x0000000000000020       0x21 zephyr/kernel/libkernel.a(sem.c.obj)
 .comment       0x0000000000000020       0x21 zephyr/kernel/libkernel.a(sched.c.obj)
 .comment       0x0000000000000020       0x21 zephyr/kernel/libkernel.a(xip.c.obj)
 .comment       0x0000000000000020       0x21 zephyr/kernel/libkernel.a(timeout.c.obj)
 .comment       0x0000000000000020       0x21 zephyr/kernel/libkernel.a(banner.c.obj)
 .comment       0x0000000000000020       0x21 zephyr/CMakeFiles/offsets.dir/./arch/arm/core/offsets/offsets.c.obj
 .comment       0x0000000000000020       0x21 zephyr/arch/common/libisr_tables.a(isr_tables.c.obj)

.debug
 *(SORT_BY_ALIGNMENT(.debug))

.line
 *(SORT_BY_ALIGNMENT(.line))

.debug_srcinfo
 *(SORT_BY_ALIGNMENT(.debug_srcinfo))

.debug_sfnames
 *(SORT_BY_ALIGNMENT(.debug_sfnames))

.debug_aranges  0x0000000000000000     0x1270
 *(SORT_BY_ALIGNMENT(.debug_aranges))
 .debug_aranges
                0x0000000000000000       0x20 zephyr/libzephyr.a(soc_nrf_common.S.obj)
 .debug_aranges
                0x0000000000000020       0x30 zephyr/arch/arch/arm/core/aarch32/libarch__arm__core__aarch32.a(cpu_idle.S.obj)
 .debug_aranges
                0x0000000000000050       0x20 zephyr/arch/arch/arm/core/aarch32/libarch__arm__core__aarch32.a(nmi_on_reset.S.obj)
 .debug_aranges
                0x0000000000000070       0x28 zephyr/arch/arch/arm/core/aarch32/libarch__arm__core__aarch32.a(swap_helper.S.obj)
 .debug_aranges
                0x0000000000000098       0x20 zephyr/arch/arch/arm/core/aarch32/libarch__arm__core__aarch32.a(isr_wrapper.S.obj)
 .debug_aranges
                0x00000000000000b8       0x20 zephyr/arch/arch/arm/core/aarch32/cortex_m/libarch__arm__core__aarch32__cortex_m.a(exc_exit.S.obj)
 .debug_aranges
                0x00000000000000d8       0x20 zephyr/arch/arch/arm/core/aarch32/cortex_m/libarch__arm__core__aarch32__cortex_m.a(fault_s.S.obj)
 .debug_aranges
                0x00000000000000f8       0x20 zephyr/arch/arch/arm/core/aarch32/cortex_m/libarch__arm__core__aarch32__cortex_m.a(reset.S.obj)
 .debug_aranges
                0x0000000000000118       0xd0 app/libapp.a(main.c.obj)
 .debug_aranges
                0x00000000000001e8       0x28 zephyr/libzephyr.a(notify.c.obj)
 .debug_aranges
                0x0000000000000210       0x68 zephyr/libzephyr.a(printk.c.obj)
 .debug_aranges
                0x0000000000000278       0x90 zephyr/libzephyr.a(onoff.c.obj)
 .debug_aranges
                0x0000000000000308       0x20 zephyr/libzephyr.a(thread_entry.c.obj)
 .debug_aranges
                0x0000000000000328       0x30 zephyr/libzephyr.a(cbprintf_complete.c.obj)
 .debug_aranges
                0x0000000000000358       0x20 zephyr/libzephyr.a(configs.c.obj)
 .debug_aranges
                0x0000000000000378       0x50 zephyr/libzephyr.a(pm.c.obj)
 .debug_aranges
                0x00000000000003c8       0x70 zephyr/libzephyr.a(policy.c.obj)
 .debug_aranges
                0x0000000000000438       0x20 zephyr/libzephyr.a(state.c.obj)
 .debug_aranges
                0x0000000000000458       0x30 zephyr/arch/arch/arm/core/aarch32/libarch__arm__core__aarch32.a(fatal.c.obj)
 .debug_aranges
                0x0000000000000488       0x48 zephyr/arch/arch/arm/core/aarch32/libarch__arm__core__aarch32.a(irq_manage.c.obj)
 .debug_aranges
                0x00000000000004d0       0x20 zephyr/arch/arch/arm/core/aarch32/libarch__arm__core__aarch32.a(nmi.c.obj)
 .debug_aranges
                0x00000000000004f0       0x20 zephyr/arch/arch/arm/core/aarch32/libarch__arm__core__aarch32.a(prep_c.c.obj)
 .debug_aranges
                0x0000000000000510       0x20 zephyr/arch/arch/arm/core/aarch32/libarch__arm__core__aarch32.a(swap.c.obj)
 .debug_aranges
                0x0000000000000530       0x30 zephyr/arch/arch/arm/core/aarch32/libarch__arm__core__aarch32.a(thread.c.obj)
 .debug_aranges
                0x0000000000000560       0x38 zephyr/arch/arch/arm/core/aarch32/cortex_m/libarch__arm__core__aarch32__cortex_m.a(fault.c.obj)
 .debug_aranges
                0x0000000000000598       0x20 zephyr/arch/arch/arm/core/aarch32/cortex_m/libarch__arm__core__aarch32__cortex_m.a(irq_init.c.obj)
 .debug_aranges
                0x00000000000005b8       0x20 zephyr/arch/arch/arm/core/aarch32/cortex_m/libarch__arm__core__aarch32__cortex_m.a(thread_abort.c.obj)
 .debug_aranges
                0x00000000000005d8       0x28 zephyr/arch/arch/arm/core/aarch32/mpu/libarch__arm__core__aarch32__mpu.a(arm_core_mpu.c.obj)
 .debug_aranges
                0x0000000000000600       0x48 zephyr/arch/arch/arm/core/aarch32/mpu/libarch__arm__core__aarch32__mpu.a(arm_mpu.c.obj)
 .debug_aranges
                0x0000000000000648       0x98 zephyr/lib/libc/minimal/liblib__libc__minimal.a(string.c.obj)
 .debug_aranges
                0x00000000000006e0       0x18 zephyr/soc/arm/common/cortex_m/libsoc__arm__common__cortex_m.a(arm_mpu_regions.c.obj)
 .debug_aranges
                0x00000000000006f8       0x30 zephyr/soc/arm/nordic_nrf/nrf52/libsoc__arm__nordic_nrf__nrf52.a(soc.c.obj)
 .debug_aranges
                0x0000000000000728       0x28 zephyr/soc/arm/nordic_nrf/nrf52/libsoc__arm__nordic_nrf__nrf52.a(power.c.obj)
 .debug_aranges
                0x0000000000000750       0xc8 zephyr/drivers/clock_control/libdrivers__clock_control.a(clock_control_nrf.c.obj)
 .debug_aranges
                0x0000000000000818       0x68 zephyr/drivers/gpio/libdrivers__gpio.a(gpio_nrfx.c.obj)
 .debug_aranges
                0x0000000000000880       0x68 zephyr/drivers/spi/libdrivers__spi.a(spi_nrfx_spi.c.obj)
 .debug_aranges
                0x00000000000008e8       0x58 zephyr/drivers/spi/libdrivers__spi.a(spi_bitbang.c.obj)
 .debug_aranges
                0x0000000000000940       0x28 zephyr/drivers/timer/libdrivers__timer.a(sys_clock_init.c.obj)
 .debug_aranges
                0x0000000000000968       0xb8 zephyr/drivers/timer/libdrivers__timer.a(nrf_rtc_timer.c.obj)
 .debug_aranges
                0x0000000000000a20       0x20 zephyr/drivers/pinctrl/libdrivers__pinctrl.a(common.c.obj)
 .debug_aranges
                0x0000000000000a40       0x20 zephyr/drivers/pinctrl/libdrivers__pinctrl.a(pinctrl_nrf.c.obj)
 .debug_aranges
                0x0000000000000a60       0x58 modules/hal_nordic/nrfx/libmodules__hal_nordic__nrfx.a(system_nrf52810.c.obj)
 .debug_aranges
                0x0000000000000ab8       0x30 modules/hal_nordic/nrfx/libmodules__hal_nordic__nrfx.a(nrfx_glue.c.obj)
 .debug_aranges
                0x0000000000000ae8       0x30 modules/hal_nordic/nrfx/libmodules__hal_nordic__nrfx.a(nrfx_flag32_allocator.c.obj)
 .debug_aranges
                0x0000000000000b18       0x78 modules/hal_nordic/nrfx/libmodules__hal_nordic__nrfx.a(nrfx_clock.c.obj)
 .debug_aranges
                0x0000000000000b90      0x170 modules/hal_nordic/nrfx/libmodules__hal_nordic__nrfx.a(nrfx_gpiote.c.obj)
 .debug_aranges
                0x0000000000000d00       0x48 modules/hal_nordic/nrfx/libmodules__hal_nordic__nrfx.a(nrfx_spi.c.obj)
 .debug_aranges
                0x0000000000000d48       0x58 zephyr/kernel/libkernel.a(device.c.obj)
 .debug_aranges
                0x0000000000000da0       0x20 zephyr/kernel/libkernel.a(errno.c.obj)
 .debug_aranges
                0x0000000000000dc0       0x60 zephyr/kernel/libkernel.a(fatal.c.obj)
 .debug_aranges
                0x0000000000000e20       0x48 zephyr/kernel/libkernel.a(init.c.obj)
 .debug_aranges
                0x0000000000000e68       0xb8 zephyr/kernel/libkernel.a(thread.c.obj)
 .debug_aranges
                0x0000000000000f20       0x28 zephyr/kernel/libkernel.a(idle.c.obj)
 .debug_aranges
                0x0000000000000f48       0x38 zephyr/kernel/libkernel.a(sem.c.obj)
 .debug_aranges
                0x0000000000000f80      0x1e0 zephyr/kernel/libkernel.a(sched.c.obj)
 .debug_aranges
                0x0000000000001160       0x20 zephyr/kernel/libkernel.a(xip.c.obj)
 .debug_aranges
                0x0000000000001180       0x98 zephyr/kernel/libkernel.a(timeout.c.obj)
 .debug_aranges